Microchip MPLAB XC8 Compiler V2.00 ()

Linker command line:

-W-3 --edf=C:\Program Files (x86)\Microchip\xc8\v2.00\pic\dat\en_msgs.txt \
  -cs -h+dist/default/production\ServoSlave_output.X.production.sym \
  --cmf=dist/default/production\ServoSlave_output.X.production.cmf -z \
  -Q16F1933 -oC:\Users\pguz1\AppData\Local\Temp\s3r4.2 \
  -Mdist/default/production/ServoSlave_output.X.production.map -E1 -ver=XC8 \
  -ASTACK=0203Dh-020efh -pstack=STACK -ACODE=00h-07FFhx2 \
  -ASTRCODE=00h-0FFFh -ASTRING=00h-0FFhx16 -ACONST=00h-0FFhx16 \
  -AENTRY=00h-0FFhx16 -ACOMMON=070h-07Fh -ABANK0=020h-06Fh \
  -ABANK1=0A0h-0EFh -ABANK2=0120h-016Fh -ABIGRAM=02000h-020EFh \
  -ARAM=020h-06Fh,0A0h-0EFh,0120h-016Fh \
  -AABS1=020h-07Fh,0A0h-0EFh,0120h-016Fh -ASFR0=00h-01Fh -ASFR1=080h-09Fh \
  -ASFR2=0100h-011Fh -ASFR3=0180h-01EFh -ASFR4=0200h-026Fh \
  -ASFR5=0280h-02EFh -ASFR6=0300h-036Fh -ASFR7=0380h-03EFh \
  -ASFR8=0400h-046Fh -ASFR9=0480h-04EFh -ASFR10=0500h-056Fh \
  -ASFR11=0580h-05EFh -ASFR12=0600h-066Fh -ASFR13=0680h-06EFh \
  -ASFR14=0700h-076Fh -ASFR15=0780h-07EFh -ASFR16=0800h-086Fh \
  -ASFR17=0880h-08EFh -ASFR18=0900h-096Fh -ASFR19=0980h-09EFh \
  -ASFR20=0A00h-0A6Fh -ASFR21=0A80h-0AEFh -ASFR22=0B00h-0B6Fh \
  -ASFR23=0B80h-0BEFh -ASFR24=0C00h-0C6Fh -ASFR25=0C80h-0CEFh \
  -ASFR26=0D00h-0D6Fh -ASFR27=0D80h-0DEFh -ASFR28=0E00h-0E6Fh \
  -ASFR29=0E80h-0EEFh -ASFR30=0F00h-0F6Fh -ASFR31=0F80h-0FEFh \
  -preset_vec=00h,intentry,init,end_init -ppowerup=CODE -pcinit=CODE \
  -pfunctab=ENTRY -ACONFIG=08007h-08008h -pconfig=CONFIG -DCONFIG=2 \
  -AIDLOC=08000h-08003h -pidloc=IDLOC -DIDLOC=2 -AEEDATA=00h-0FFh/0F000h \
  -peeprom_data=EEDATA -DEEDATA=2 -DCODE=2 -DSTRCODE=2 -DSTRING=2 -DCONST=2 \
  -DENTRY=2 -k C:\Users\pguz1\AppData\Local\Temp\s3r4.obj \
  dist/default/production\ServoSlave_output.X.production.obj 

Object code version is 3.11

Machine type is 16F1933



                Name                               Link     Load   Length Selector   Space Scale
C:\Users\pguz1\AppData\Local\Temp\s3r4.obj
                end_init                              2        2        2        0       0
                reset_vec                             0        0        2        0       0
                config                             8007     8007        2    1000E       0
dist/default/production\ServoSlave_output.X.production.obj
                cinit                               7ED      7ED       13      FDA       0
                text11                              575      575       64      AEA       0
                text10                              660      660       B4      CC0       0
                text9                               5D9      5D9       87      BB2       0
                text8                               484      484       1A      908       0
                text7                               524      524       51      A48       0
                text6                               45A      45A        4      8B4       0
                text5                               474      474       10      8E8       0
                text4                               464      464        7      8C8       0
                text3                               46B      46B        9      8D6       0
                text2                               49E      49E       43      93C       0
                text1                               714      714       D9      E28       0
                maintext                            4E1      4E1       43      9C2       0
                cstackBANK0                          20       20       28       20       1
                cstackCOMMON                         70       70        D       70       1
                clrtext                             45E      45E        6      8BC       0
                dataBANK0                            5B       5B        2       20       1
                bssBANK0                             48       48       13       20       1
                bssCOMMON                            7D       7D        1       70       1
                idataBANK0                          458      458        2      8B0       0

TOTAL           Name                               Link     Load   Length     Space
        CLASS   STACK          

        CLASS   CODE           
                end_init                              2        2        2         0
                cinit                               7ED      7ED       13         0
                reset_vec                             0        0        2         0
                text11                              575      575       64         0
                text10                              660      660       B4         0
                text9                               5D9      5D9       87         0
                text8                               484      484       1A         0
                text7                               524      524       51         0
                text6                               45A      45A        4         0
                text5                               474      474       10         0
                text4                               464      464        7         0
                text3                               46B      46B        9         0
                text2                               49E      49E       43         0
                text1                               714      714       D9         0
                maintext                            4E1      4E1       43         0
                clrtext                             45E      45E        6         0
                idataBANK0                          458      458        2         0

        CLASS   STRCODE        

        CLASS   STRING         

        CLASS   CONST          

        CLASS   ENTRY          

        CLASS   COMMON         
                cstackCOMMON                         70       70        D         1
                bssCOMMON                            7D       7D        1         1

        CLASS   BANK0          
                cstackBANK0                          20       20       28         1
                dataBANK0                            5B       5B        2         1
                bssBANK0                             48       48       13         1

        CLASS   BANK1          

        CLASS   BANK2          

        CLASS   BIGRAM         

        CLASS   RAM            

        CLASS   ABS1           
                abs_s1                               7E       7E        2         1

        CLASS   SFR0           

        CLASS   SFR1           

        CLASS   SFR2           

        CLASS   SFR3           

        CLASS   SFR4           

        CLASS   SFR5           

        CLASS   SFR6           

        CLASS   SFR7           

        CLASS   SFR8           

        CLASS   SFR9           

        CLASS   SFR10          

        CLASS   SFR11          

        CLASS   SFR12          

        CLASS   SFR13          

        CLASS   SFR14          

        CLASS   SFR15          

        CLASS   SFR16          

        CLASS   SFR17          

        CLASS   SFR18          

        CLASS   SFR19          

        CLASS   SFR20          

        CLASS   SFR21          

        CLASS   SFR22          

        CLASS   SFR23          

        CLASS   SFR24          

        CLASS   SFR25          

        CLASS   SFR26          

        CLASS   SFR27          

        CLASS   SFR28          

        CLASS   SFR29          

        CLASS   SFR30          

        CLASS   SFR31          

        CLASS   CONFIG         
                config                             8007     8007        2         0

        CLASS   IDLOC          

        CLASS   EEDATA         

        CLASS   BANK31         

        CLASS   BANK30         

        CLASS   BANK29         

        CLASS   BANK28         

        CLASS   BANK27         

        CLASS   BANK26         

        CLASS   BANK25         

        CLASS   BANK24         

        CLASS   BANK23         

        CLASS   BANK22         

        CLASS   BANK21         

        CLASS   BANK20         

        CLASS   BANK19         

        CLASS   BANK18         

        CLASS   BANK17         

        CLASS   BANK16         

        CLASS   BANK15         

        CLASS   BANK14         

        CLASS   BANK13         

        CLASS   BANK12         

        CLASS   BANK11         

        CLASS   BANK10         

        CLASS   BANK9          

        CLASS   BANK8          

        CLASS   BANK7          

        CLASS   BANK6          

        CLASS   BANK5          

        CLASS   BANK4          

        CLASS   BANK3          



SEGMENTS        Name                           Load    Length   Top    Selector   Space  Class     Delta

                reset_vec                      000000  000004  000004         0       0  CODE        2
                cstackBANK0                    000020  00003D  00005D        20       1  BANK0       1
                cstackCOMMON                   000070  00000E  00007E        70       1  COMMON      1
                idataBANK0                     000458  000002  00045A       8B0       0  CODE        2
                text6                          00045A  000004  00045E       8B4       0  CODE        2
                clrtext                        00045E  000006  000464       8BC       0  CODE        2
                text4                          000464  000007  00046B       8C8       0  CODE        2
                text3                          00046B  000009  000474       8D6       0  CODE        2
                text5                          000474  000010  000484       8E8       0  CODE        2
                text8                          000484  00001A  00049E       908       0  CODE        2
                text2                          00049E  000043  0004E1       93C       0  CODE        2
                maintext                       0004E1  000043  000524       9C2       0  CODE        2
                text7                          000524  000051  000575       A48       0  CODE        2
                text11                         000575  000064  0005D9       AEA       0  CODE        2
                text9                          0005D9  000087  000660       BB2       0  CODE        2
                text10                         000660  0000B4  000714       CC0       0  CODE        2
                text1                          000714  0000D9  0007ED       E28       0  CODE        2
                cinit                          0007ED  000013  000800       FDA       0  CODE        2
                config                         008007  000002  008009     1000E       0  CONFIG      2


UNUSED ADDRESS RANGES

        Name                Unused          Largest block    Delta
        BANK0            0005D-0006F              13           1
        BANK1            000A0-000EF              50           1
        BANK2            00120-0016F              50           1
        BIGRAM           02000-020EF              F0           1
        CODE             00004-00457             454           2
                         00800-00FFF             800
        CONST            00004-00457             100           2
                         00800-00FFF             100
        EEDATA           0F000-0F0FF             100           2
        ENTRY            00004-00457             100           2
                         00800-00FFF             100
        IDLOC            08000-08003               4           2
        RAM              0005D-0006F              13           1
                         000A0-000EF              50
                         00120-0016F              50
        SFR0             00000-0001F              20           1
        SFR1             00080-0009F              20           1
        SFR10            00500-0056F              70           1
        SFR11            00580-005EF              70           1
        SFR12            00600-0066F              70           1
        SFR13            00680-006EF              70           1
        SFR14            00700-0076F              70           1
        SFR15            00780-007EF              70           1
        SFR16            00800-0086F              70           1
        SFR17            00880-008EF              70           1
        SFR18            00900-0096F              70           1
        SFR19            00980-009EF              70           1
        SFR2             00100-0011F              20           1
        SFR20            00A00-00A6F              70           1
        SFR21            00A80-00AEF              70           1
        SFR22            00B00-00B6F              70           1
        SFR23            00B80-00BEF              70           1
        SFR24            00C00-00C6F              70           1
        SFR25            00C80-00CEF              70           1
        SFR26            00D00-00D6F              70           1
        SFR27            00D80-00DEF              70           1
        SFR28            00E00-00E6F              70           1
        SFR29            00E80-00EEF              70           1
        SFR3             00180-001EF              70           1
        SFR30            00F00-00F6F              70           1
        SFR31            00F80-00FEF              70           1
        SFR4             00200-0026F              70           1
        SFR5             00280-002EF              70           1
        SFR6             00300-0036F              70           1
        SFR7             00380-003EF              70           1
        SFR8             00400-0046F              70           1
        SFR9             00480-004EF              70           1
        STACK            0203D-020EF              B3           1
        STRCODE          00004-00457             454           2
                         00800-00FFF             800
        STRING           00004-00457             100           2
                         00800-00FFF             100

                                  Symbol Table

?___ftmul                       cstackBANK0  00024
?___ftpack                      cstackCOMMON 00070
?___fttol                       cstackBANK0  00034
?___lbtoft                      cstackCOMMON 00078
Calc_Duty@i                     cstackBANK0  00042
_ANSELA                         (abs)        0018C
_ANSELB                         (abs)        0018D
_Calc_Duty                      text7        00524
_EmergencyStop                  bssCOMMON    0007D
_INTCONbits                     (abs)        0000B
_Initialize                     text3        0046B
_LATBbits                       (abs)        0010D
_LATCbits                       (abs)        0010E
_OSCCON                         (abs)        00099
_Oscillator_Initialize          text6        0045A
_PIE1bits                       (abs)        00091
_PIR1bits                       (abs)        00011
_PORTA                          (abs)        0000C
_PORTAbits                      (abs)        0000C
_PORTCbits                      (abs)        0000E
_Pin_Initialize                 text5        00474
_Renew_Raw_Data                 text2        0049E
_Servo_Output_OFF               text1        00714
_T1CON                          (abs)        00018
_T1CONbits                      (abs)        00018
_TMR1                           (abs)        00016
_TRISA                          (abs)        0008C
_TRISBbits                      (abs)        0008D
_TRISCbits                      (abs)        0008E
_Timer_Initialize               text4        00464
__CFG_BOREN$OFF                 (abs)        00000
__CFG_BORV$HI                   (abs)        00000
__CFG_CLKOUTEN$OFF              (abs)        00000
__CFG_CP$OFF                    (abs)        00000
__CFG_CPD$OFF                   (abs)        00000
__CFG_FCMEN$OFF                 (abs)        00000
__CFG_FOSC$INTOSC               (abs)        00000
__CFG_IESO$OFF                  (abs)        00000
__CFG_LVP$OFF                   (abs)        00000
__CFG_MCLRE$OFF                 (abs)        00000
__CFG_PLLEN$OFF                 (abs)        00000
__CFG_PWRTE$OFF                 (abs)        00000
__CFG_STVREN$OFF                (abs)        00000
__CFG_VCAPEN$OFF                (abs)        00000
__CFG_WDTE$OFF                  (abs)        00000
__CFG_WRT$OFF                   (abs)        00000
__Habs1                         abs1         00000
__Hbank0                        bank0        00000
__Hbank1                        bank1        00000
__Hbank10                       bank10       00000
__Hbank11                       bank11       00000
__Hbank12                       bank12       00000
__Hbank13                       bank13       00000
__Hbank14                       bank14       00000
__Hbank15                       bank15       00000
__Hbank16                       bank16       00000
__Hbank17                       bank17       00000
__Hbank18                       bank18       00000
__Hbank19                       bank19       00000
__Hbank2                        bank2        00000
__Hbank20                       bank20       00000
__Hbank21                       bank21       00000
__Hbank22                       bank22       00000
__Hbank23                       bank23       00000
__Hbank24                       bank24       00000
__Hbank25                       bank25       00000
__Hbank26                       bank26       00000
__Hbank27                       bank27       00000
__Hbank28                       bank28       00000
__Hbank29                       bank29       00000
__Hbank3                        bank3        00000
__Hbank30                       bank30       00000
__Hbank31                       bank31       00000
__Hbank4                        bank4        00000
__Hbank5                        bank5        00000
__Hbank6                        bank6        00000
__Hbank7                        bank7        00000
__Hbank8                        bank8        00000
__Hbank9                        bank9        00000
__Hbigram                       bigram       00000
__HbssBANK0                     bssBANK0     00000
__HbssCOMMON                    bssCOMMON    00000
__Hcinit                        cinit        00800
__Hclrtext                      clrtext      00000
__Hcode                         code         00000
__Hcommon                       common       00000
__Hconfig                       config       08009
__HcstackBANK0                  cstackBANK0  00000
__HcstackCOMMON                 cstackCOMMON 00000
__HdataBANK0                    dataBANK0    00000
__Heeprom_data                  eeprom_data  00000
__Hend_init                     end_init     00004
__Hfunctab                      functab      00000
__HidataBANK0                   idataBANK0   00000
__Hidloc                        idloc        00000
__Hinit                         init         00002
__Hintentry                     intentry     00002
__Hmaintext                     maintext     00000
__Hpowerup                      powerup      00000
__Hram                          ram          00000
__Hreset_vec                    reset_vec    00002
__Hsfr0                         sfr0         00000
__Hsfr1                         sfr1         00000
__Hsfr10                        sfr10        00000
__Hsfr11                        sfr11        00000
__Hsfr12                        sfr12        00000
__Hsfr13                        sfr13        00000
__Hsfr14                        sfr14        00000
__Hsfr15                        sfr15        00000
__Hsfr16                        sfr16        00000
__Hsfr17                        sfr17        00000
__Hsfr18                        sfr18        00000
__Hsfr19                        sfr19        00000
__Hsfr2                         sfr2         00000
__Hsfr20                        sfr20        00000
__Hsfr21                        sfr21        00000
__Hsfr22                        sfr22        00000
__Hsfr23                        sfr23        00000
__Hsfr24                        sfr24        00000
__Hsfr25                        sfr25        00000
__Hsfr26                        sfr26        00000
__Hsfr27                        sfr27        00000
__Hsfr28                        sfr28        00000
__Hsfr29                        sfr29        00000
__Hsfr3                         sfr3         00000
__Hsfr30                        sfr30        00000
__Hsfr31                        sfr31        00000
__Hsfr4                         sfr4         00000
__Hsfr5                         sfr5         00000
__Hsfr6                         sfr6         00000
__Hsfr7                         sfr7         00000
__Hsfr8                         sfr8         00000
__Hsfr9                         sfr9         00000
__Hspace_0                      (abs)        08009
__Hspace_1                      (abs)        0007E
__Hspace_2                      (abs)        00000
__Hspace_3                      (abs)        00000
__Hstack                        stack        00000
__Hstrings                      strings      00000
__Htext                         text         00000
__Labs1                         abs1         00000
__Lbank0                        bank0        00000
__Lbank1                        bank1        00000
__Lbank10                       bank10       00000
__Lbank11                       bank11       00000
__Lbank12                       bank12       00000
__Lbank13                       bank13       00000
__Lbank14                       bank14       00000
__Lbank15                       bank15       00000
__Lbank16                       bank16       00000
__Lbank17                       bank17       00000
__Lbank18                       bank18       00000
__Lbank19                       bank19       00000
__Lbank2                        bank2        00000
__Lbank20                       bank20       00000
__Lbank21                       bank21       00000
__Lbank22                       bank22       00000
__Lbank23                       bank23       00000
__Lbank24                       bank24       00000
__Lbank25                       bank25       00000
__Lbank26                       bank26       00000
__Lbank27                       bank27       00000
__Lbank28                       bank28       00000
__Lbank29                       bank29       00000
__Lbank3                        bank3        00000
__Lbank30                       bank30       00000
__Lbank31                       bank31       00000
__Lbank4                        bank4        00000
__Lbank5                        bank5        00000
__Lbank6                        bank6        00000
__Lbank7                        bank7        00000
__Lbank8                        bank8        00000
__Lbank9                        bank9        00000
__Lbigram                       bigram       00000
__LbssBANK0                     bssBANK0     00000
__LbssCOMMON                    bssCOMMON    00000
__Lcinit                        cinit        007ED
__Lclrtext                      clrtext      00000
__Lcode                         code         00000
__Lcommon                       common       00000
__Lconfig                       config       08007
__LcstackBANK0                  cstackBANK0  00000
__LcstackCOMMON                 cstackCOMMON 00000
__LdataBANK0                    dataBANK0    00000
__Leeprom_data                  eeprom_data  00000
__Lend_init                     end_init     00002
__Lfunctab                      functab      00000
__LidataBANK0                   idataBANK0   00000
__Lidloc                        idloc        00000
__Linit                         init         00002
__Lintentry                     intentry     00002
__Lmaintext                     maintext     00000
__Lpowerup                      powerup      00000
__Lram                          ram          00000
__Lreset_vec                    reset_vec    00000
__Lsfr0                         sfr0         00000
__Lsfr1                         sfr1         00000
__Lsfr10                        sfr10        00000
__Lsfr11                        sfr11        00000
__Lsfr12                        sfr12        00000
__Lsfr13                        sfr13        00000
__Lsfr14                        sfr14        00000
__Lsfr15                        sfr15        00000
__Lsfr16                        sfr16        00000
__Lsfr17                        sfr17        00000
__Lsfr18                        sfr18        00000
__Lsfr19                        sfr19        00000
__Lsfr2                         sfr2         00000
__Lsfr20                        sfr20        00000
__Lsfr21                        sfr21        00000
__Lsfr22                        sfr22        00000
__Lsfr23                        sfr23        00000
__Lsfr24                        sfr24        00000
__Lsfr25                        sfr25        00000
__Lsfr26                        sfr26        00000
__Lsfr27                        sfr27        00000
__Lsfr28                        sfr28        00000
__Lsfr29                        sfr29        00000
__Lsfr3                         sfr3         00000
__Lsfr30                        sfr30        00000
__Lsfr31                        sfr31        00000
__Lsfr4                         sfr4         00000
__Lsfr5                         sfr5         00000
__Lsfr6                         sfr6         00000
__Lsfr7                         sfr7         00000
__Lsfr8                         sfr8         00000
__Lsfr9                         sfr9         00000
__Lspace_0                      (abs)        00000
__Lspace_1                      (abs)        00000
__Lspace_2                      (abs)        00000
__Lspace_3                      (abs)        00000
__Lstack                        stack        00000
__Lstrings                      strings      00000
__Ltext                         text         00000
__S0                            (abs)        08009
__S1                            (abs)        0007E
__S2                            (abs)        00000
__S3                            (abs)        00000
___ftmul                        text10       00660
___ftmul@cntr                   cstackBANK0  00032
___ftmul@exp                    cstackBANK0  0002E
___ftmul@f1                     cstackBANK0  00024
___ftmul@f2                     cstackBANK0  00027
___ftmul@f3_as_product          cstackBANK0  0002F
___ftmul@sign                   cstackBANK0  00033
___ftpack                       text11       00575
___ftpack@arg                   cstackCOMMON 00070
___ftpack@exp                   cstackCOMMON 00073
___ftpack@sign                  cstackCOMMON 00074
___fttol                        text9        005D9
___fttol@exp1                   cstackBANK0  00041
___fttol@f1                     cstackBANK0  00034
___fttol@lval                   cstackBANK0  0003D
___fttol@sign1                  cstackBANK0  0003C
___int_sp                       stack        00000
___latbits                      (abs)        00001
___lbtoft                       text8        00484
___lbtoft@c                     cstackCOMMON 0007B
___sp                           stack        00000
__end_of_Calc_Duty              text7        00575
__end_of_Initialize             text3        00474
__end_of_Oscillator_Initialize  text6        0045E
__end_of_Pin_Initialize         text5        00484
__end_of_Renew_Raw_Data         text2        004E1
__end_of_Servo_Output_OFF       text1        007ED
__end_of_Timer_Initialize       text4        0046B
__end_of___ftmul                text10       00714
__end_of___ftpack               text11       005D9
__end_of___fttol                text9        00660
__end_of___lbtoft               text8        0049E
__end_of__initialization        cinit        007FD
__end_of_main                   maintext     00524
__initialization                cinit        007ED
__pbssBANK0                     bssBANK0     00048
__pbssCOMMON                    bssCOMMON    0007D
__pcstackBANK0                  cstackBANK0  00020
__pcstackCOMMON                 cstackCOMMON 00070
__pdataBANK0                    dataBANK0    0005B
__pidataBANK0                   idataBANK0   00458
__pmaintext                     maintext     004E1
__ptext1                        text1        00714
__ptext10                       text10       00660
__ptext11                       text11       00575
__ptext2                        text2        0049E
__ptext3                        text3        0046B
__ptext4                        text4        00464
__ptext5                        text5        00474
__ptext6                        text6        0045A
__ptext7                        text7        00524
__ptext8                        text8        00484
__ptext9                        text9        005D9
__size_of_Calc_Duty             (abs)        00000
__size_of_Initialize            (abs)        00000
__size_of_Oscillator_Initialize (abs)        00000
__size_of_Pin_Initialize        (abs)        00000
__size_of_Renew_Raw_Data        (abs)        00000
__size_of_Servo_Output_OFF      (abs)        00000
__size_of_Timer_Initialize      (abs)        00000
__size_of___ftmul               (abs)        00000
__size_of___ftpack              (abs)        00000
__size_of___fttol               (abs)        00000
__size_of___lbtoft              (abs)        00000
__size_of_main                  (abs)        00000
_data_renew                     bssBANK0     00052
_main                           maintext     004E1
_servo_duty                     bssBANK0     00048
_servo_raw_data                 bssBANK0     00056
btemp                           (abs)        0007E
clear_ram0                      clrtext      0045E
end_of_initialization           cinit        007FD
intlevel0                       functab      00000
intlevel1                       functab      00000
intlevel2                       functab      00000
intlevel3                       functab      00000
intlevel4                       functab      00000
intlevel5                       functab      00000
reset_vec                       reset_vec    00000
stackhi                         (abs)        020EF
stacklo                         (abs)        0203D
start                           init         00002
start_initialization            cinit        007ED
wtemp0                          (abs)        0007E


FUNCTION INFORMATION:

 *************** function _main *****************
 Defined at:
		line 114 in file "main.c"
 Parameters:    Size  Location     Type
  argc            2   36[BANK0 ] int 
  argv            2   38[BANK0 ] PTR PTR unsigned char 
 Auto vars:     Size  Location     Type
		None
 Return value:  Size  Location     Type
                  2   36[BANK0 ] int 
 Registers used:
		wreg, fsr1l, fsr1h, status,2, status,0, pclath, cstack
 Tracked objects:
		On entry : 
		On exit  : 
		Unchanged: 
 Data sizes:     COMMON   BANK0   BANK1   BANK2
      Params:         0       4       0       0
      Locals:         0       0       0       0
      Temps:          0       0       0       0
      Totals:         0       4       0       0
Total ram usage:        4 bytes
 Hardware stack levels required when called:    3
 This function calls:
		_Calc_Duty
		_Initialize
		_Renew_Raw_Data
		_Servo_Output_OFF
 This function is called by:
		Startup code after reset
 This function uses a non-reentrant model


 *************** function _Servo_Output_OFF *****************
 Defined at:
		line 196 in file "main.c"
 Parameters:    Size  Location     Type
		None
 Auto vars:     Size  Location     Type
		None
 Return value:  Size  Location     Type
                  1    wreg      void 
 Registers used:
		wreg, status,2, status,0
 Tracked objects:
		On entry : 
		On exit  : 
		Unchanged: 
 Data sizes:     COMMON   BANK0   BANK1   BANK2
      Params:         0       0       0       0
      Locals:         0       0       0       0
      Temps:         13       0       0       0
      Totals:        13       0       0       0
Total ram usage:       13 bytes
 Hardware stack levels used:    1
 This function calls:
		Nothing
 This function is called by:
		_main
 This function uses a non-reentrant model


 *************** function _Renew_Raw_Data *****************
 Defined at:
		line 168 in file "main.c"
 Parameters:    Size  Location     Type
		None
 Auto vars:     Size  Location     Type
		None
 Return value:  Size  Location     Type
                  1    wreg      void 
 Registers used:
		wreg, fsr1l, fsr1h, status,2, status,0
 Tracked objects:
		On entry : 
		On exit  : 
		Unchanged: 
 Data sizes:     COMMON   BANK0   BANK1   BANK2
      Params:         0       0       0       0
      Locals:         0       0       0       0
      Temps:          4       0       0       0
      Totals:         4       0       0       0
Total ram usage:        4 bytes
 Hardware stack levels used:    1
 This function calls:
		Nothing
 This function is called by:
		_main
 This function uses a non-reentrant model


 *************** function _Initialize *****************
 Defined at:
		line 208 in file "main.c"
 Parameters:    Size  Location     Type
		None
 Auto vars:     Size  Location     Type
		None
 Return value:  Size  Location     Type
                  1    wreg      void 
 Registers used:
		wreg, status,2, status,0, pclath, cstack
 Tracked objects:
		On entry : 
		On exit  : 
		Unchanged: 
 Data sizes:     COMMON   BANK0   BANK1   BANK2
      Params:         0       0       0       0
      Locals:         0       0       0       0
      Temps:          0       0       0       0
      Totals:         0       0       0       0
Total ram usage:        0 bytes
 Hardware stack levels used:    1
 Hardware stack levels required when called:    1
 This function calls:
		_Oscillator_Initialize
		_Pin_Initialize
		_Timer_Initialize
 This function is called by:
		_main
 This function uses a non-reentrant model


 *************** function _Timer_Initialize *****************
 Defined at:
		line 242 in file "main.c"
 Parameters:    Size  Location     Type
		None
 Auto vars:     Size  Location     Type
		None
 Return value:  Size  Location     Type
                  1    wreg      void 
 Registers used:
		status,2
 Tracked objects:
		On entry : 
		On exit  : 
		Unchanged: 
 Data sizes:     COMMON   BANK0   BANK1   BANK2
      Params:         0       0       0       0
      Locals:         0       0       0       0
      Temps:          0       0       0       0
      Totals:         0       0       0       0
Total ram usage:        0 bytes
 Hardware stack levels used:    1
 This function calls:
		Nothing
 This function is called by:
		_Initialize
 This function uses a non-reentrant model


 *************** function _Pin_Initialize *****************
 Defined at:
		line 218 in file "main.c"
 Parameters:    Size  Location     Type
		None
 Auto vars:     Size  Location     Type
		None
 Return value:  Size  Location     Type
                  1    wreg      void 
 Registers used:
		wreg, status,2
 Tracked objects:
		On entry : 
		On exit  : 
		Unchanged: 
 Data sizes:     COMMON   BANK0   BANK1   BANK2
      Params:         0       0       0       0
      Locals:         0       0       0       0
      Temps:          0       0       0       0
      Totals:         0       0       0       0
Total ram usage:        0 bytes
 Hardware stack levels used:    1
 This function calls:
		Nothing
 This function is called by:
		_Initialize
 This function uses a non-reentrant model


 *************** function _Oscillator_Initialize *****************
 Defined at:
		line 214 in file "main.c"
 Parameters:    Size  Location     Type
		None
 Auto vars:     Size  Location     Type
		None
 Return value:  Size  Location     Type
                  1    wreg      void 
 Registers used:
		wreg
 Tracked objects:
		On entry : 
		On exit  : 
		Unchanged: 
 Data sizes:     COMMON   BANK0   BANK1   BANK2
      Params:         0       0       0       0
      Locals:         0       0       0       0
      Temps:          0       0       0       0
      Totals:         0       0       0       0
Total ram usage:        0 bytes
 Hardware stack levels used:    1
 This function calls:
		Nothing
 This function is called by:
		_Initialize
 This function uses a non-reentrant model


 *************** function _Calc_Duty *****************
 Defined at:
		line 185 in file "main.c"
 Parameters:    Size  Location     Type
		None
 Auto vars:     Size  Location     Type
  i               2   34[BANK0 ] int 
 Return value:  Size  Location     Type
                  1    wreg      void 
 Registers used:
		wreg, fsr1l, fsr1h, status,2, status,0, pclath, cstack
 Tracked objects:
		On entry : 
		On exit  : 
		Unchanged: 
 Data sizes:     COMMON   BANK0   BANK1   BANK2
      Params:         0       0       0       0
      Locals:         0       2       0       0
      Temps:          1       0       0       0
      Totals:         1       2       0       0
Total ram usage:        3 bytes
 Hardware stack levels used:    1
 Hardware stack levels required when called:    2
 This function calls:
		___ftmul
		___fttol
		___lbtoft
 This function is called by:
		_main
 This function uses a non-reentrant model


 *************** function ___lbtoft *****************
 Defined at:
		line 27 in file "C:\Program Files (x86)\Microchip\xc8\v2.00\pic\sources\c90\common\lbtoft.c"
 Parameters:    Size  Location     Type
  c               1    wreg     unsigned char 
 Auto vars:     Size  Location     Type
  c               1   11[COMMON] unsigned char 
 Return value:  Size  Location     Type
                  3    8[COMMON] float 
 Registers used:
		wreg, status,2, status,0, pclath, cstack
 Tracked objects:
		On entry : 
		On exit  : 
		Unchanged: 
 Data sizes:     COMMON   BANK0   BANK1   BANK2
      Params:         3       0       0       0
      Locals:         1       0       0       0
      Temps:          0       4       0       0
      Totals:         4       4       0       0
Total ram usage:        8 bytes
 Hardware stack levels used:    1
 Hardware stack levels required when called:    1
 This function calls:
		___ftpack
 This function is called by:
		_Calc_Duty
 This function uses a non-reentrant model


 *************** function ___fttol *****************
 Defined at:
		line 44 in file "C:\Program Files (x86)\Microchip\xc8\v2.00\pic\sources\c90\common\fttol.c"
 Parameters:    Size  Location     Type
  f1              3   20[BANK0 ] float 
 Auto vars:     Size  Location     Type
  lval            4   29[BANK0 ] unsigned long 
  exp1            1   33[BANK0 ] unsigned char 
  sign1           1   28[BANK0 ] unsigned char 
 Return value:  Size  Location     Type
                  4   20[BANK0 ] long 
 Registers used:
		wreg, status,2, status,0
 Tracked objects:
		On entry : 
		On exit  : 
		Unchanged: 
 Data sizes:     COMMON   BANK0   BANK1   BANK2
      Params:         0       4       0       0
      Locals:         0       6       0       0
      Temps:          0       4       0       0
      Totals:         0      14       0       0
Total ram usage:       14 bytes
 Hardware stack levels used:    1
 This function calls:
		Nothing
 This function is called by:
		_Calc_Duty
 This function uses a non-reentrant model


 *************** function ___ftmul *****************
 Defined at:
		line 62 in file "C:\Program Files (x86)\Microchip\xc8\v2.00\pic\sources\c90\common\ftmul.c"
 Parameters:    Size  Location     Type
  f1              3    4[BANK0 ] float 
  f2              3    7[BANK0 ] float 
 Auto vars:     Size  Location     Type
  f3_as_produc    3   15[BANK0 ] unsigned um
  sign            1   19[BANK0 ] unsigned char 
  cntr            1   18[BANK0 ] unsigned char 
  exp             1   14[BANK0 ] unsigned char 
 Return value:  Size  Location     Type
                  3    4[BANK0 ] float 
 Registers used:
		wreg, status,2, status,0, pclath, cstack
 Tracked objects:
		On entry : 
		On exit  : 
		Unchanged: 
 Data sizes:     COMMON   BANK0   BANK1   BANK2
      Params:         0       6       0       0
      Locals:         0       6       0       0
      Temps:          0       4       0       0
      Totals:         0      16       0       0
Total ram usage:       16 bytes
 Hardware stack levels used:    1
 Hardware stack levels required when called:    1
 This function calls:
		___ftpack
 This function is called by:
		_Calc_Duty
 This function uses a non-reentrant model


 *************** function ___ftpack *****************
 Defined at:
		line 62 in file "C:\Program Files (x86)\Microchip\xc8\v2.00\pic\sources\c90\common\float.c"
 Parameters:    Size  Location     Type
  arg             3    0[COMMON] unsigned um
  exp             1    3[COMMON] unsigned char 
  sign            1    4[COMMON] unsigned char 
 Auto vars:     Size  Location     Type
		None
 Return value:  Size  Location     Type
                  3    0[COMMON] float 
 Registers used:
		wreg, status,2, status,0
 Tracked objects:
		On entry : 
		On exit  : 
		Unchanged: 
 Data sizes:     COMMON   BANK0   BANK1   BANK2
      Params:         5       0       0       0
      Locals:         0       0       0       0
      Temps:          3       0       0       0
      Totals:         8       0       0       0
Total ram usage:        8 bytes
 Hardware stack levels used:    1
 This function calls:
		Nothing
 This function is called by:
		___ftmul
		___lbtoft
 This function uses a non-reentrant model



MODULE INFORMATION

Module		Function		Class		Link	Load	Size
C:\Program Files (x86)\Microchip\xc8\v2.00\pic\sources\c90\common\float.c
		___ftpack      		CODE           	0575	0000	101

C:\Program Files (x86)\Microchip\xc8\v2.00\pic\sources\c90\common\float.c estimated size: 101

C:\Program Files (x86)\Microchip\xc8\v2.00\pic\sources\c90\common\ftmul.c
		___ftmul       		CODE           	0660	0000	181

C:\Program Files (x86)\Microchip\xc8\v2.00\pic\sources\c90\common\ftmul.c estimated size: 181

shared
		__initialization		CODE           	07ED	0000	17

shared estimated size: 17

C:\Program Files (x86)\Microchip\xc8\v2.00\pic\sources\c90\common\fttol.c
		___fttol       		CODE           	05D9	0000	136

C:\Program Files (x86)\Microchip\xc8\v2.00\pic\sources\c90\common\fttol.c estimated size: 136

C:\Program Files (x86)\Microchip\xc8\v2.00\pic\sources\c90\common\lbtoft.c
		___lbtoft      		CODE           	0484	0000	27

C:\Program Files (x86)\Microchip\xc8\v2.00\pic\sources\c90\common\lbtoft.c estimated size: 27

main.c
		_Pin_Initialize		CODE           	0474	0000	17
		_Oscillator_Initialize		CODE           	045A	0000	5
		_Servo_Output_OFF		CODE           	0714	0000	218
		_Timer_Initialize		CODE           	0464	0000	8
		_Calc_Duty     		CODE           	0524	0000	82
		_main          		CODE           	04E1	0000	68
		_Renew_Raw_Data		CODE           	049E	0000	68
		_Initialize    		CODE           	046B	0000	10

main.c estimated size: 476

