Microchip MPLAB XC8 Compiler V2.10 ()

Linker command line:

-W-3 --edf=C:\Program Files (x86)\Microchip\xc8\v2.10\pic\dat\en_msgs.txt \
  -cs -h+dist/default/production\ServoSlave_com.X.production.sym \
  --cmf=dist/default/production\ServoSlave_com.X.production.cmf -z \
  -Q16F1933 -oC:\Users\JIBIKI~1\AppData\Local\Temp\stl4.2 \
  -Mdist/default/production/ServoSlave_com.X.production.map -E1 -ver=XC8 \
  -ASTACK=02053h-020EFh -pstack=STACK -ACODE=00h-07FFhx2 \
  -ASTRCODE=00h-0FFFh -ASTRING=00h-0FFhx16 -ACONST=00h-0FFhx16 \
  -AENTRY=00h-0FFhx16 -ACOMMON=070h-07Fh -ABANK0=020h-06Fh \
  -ABANK1=0A0h-0EFh -ABANK2=0120h-016Fh -ABIGRAM=02000h-020EFh \
  -ARAM=020h-06Fh,0A0h-0EFh,0120h-016Fh \
  -AABS1=020h-07Fh,0A0h-0EFh,0120h-016Fh -ASFR0=00h-01Fh -ASFR1=080h-09Fh \
  -ASFR2=0100h-011Fh -ASFR3=0180h-01EFh -ASFR4=0200h-026Fh \
  -ASFR5=0280h-02EFh -ASFR6=0300h-036Fh -ASFR7=0380h-03EFh \
  -ASFR8=0400h-046Fh -ASFR9=0480h-04EFh -ASFR10=0500h-056Fh \
  -ASFR11=0580h-05EFh -ASFR12=0600h-066Fh -ASFR13=0680h-06EFh \
  -ASFR14=0700h-076Fh -ASFR15=0780h-07EFh -ASFR16=0800h-086Fh \
  -ASFR17=0880h-08EFh -ASFR18=0900h-096Fh -ASFR19=0980h-09EFh \
  -ASFR20=0A00h-0A6Fh -ASFR21=0A80h-0AEFh -ASFR22=0B00h-0B6Fh \
  -ASFR23=0B80h-0BEFh -ASFR24=0C00h-0C6Fh -ASFR25=0C80h-0CEFh \
  -ASFR26=0D00h-0D6Fh -ASFR27=0D80h-0DEFh -ASFR28=0E00h-0E6Fh \
  -ASFR29=0E80h-0EEFh -ASFR30=0F00h-0F6Fh -ASFR31=0F80h-0FEFh \
  -preset_vec=00h,intentry=04h,init,end_init -ppowerup=CODE -pcinit=CODE \
  -pfunctab=ENTRY -ACONFIG=08007h-08008h -pconfig=CONFIG -DCONFIG=2 \
  -AIDLOC=08000h-08003h -pidloc=IDLOC -DIDLOC=2 -AEEDATA=00h-0FFh/0F000h \
  -peeprom_data=EEDATA -DEEDATA=2 -DCODE=2 -DSTRCODE=2 -DSTRING=2 -DCONST=2 \
  -DENTRY=2 -k C:\Users\JIBIKI~1\AppData\Local\Temp\stl4.obj \
  dist/default/production\ServoSlave_com.X.production.obj 

Object code version is 3.11

Machine type is 16F1933



                Name                               Link     Load   Length Selector   Space Scale
C:\Users\JIBIKI~1\AppData\Local\Temp\stl4.obj
                end_init                              E        E        2        8       0
                reset_vec                             0        0        2        0       0
                config                             8007     8007        2    1000E       0
dist/default/production\ServoSlave_com.X.production.obj
                cinit                                10       10       17        8       0
                intentry                              4        4        A        8       0
                text16                              503      503        C        8       0
                text15                               27       27      178        8       0
                text14                              465      465       23        8       0
                text13                              3ED      3ED       45        8       0
                text11                              488      488       1E        8       0
                text10                              4E6      4E6       11        8       0
                text9                               350      350       52        8       0
                text8                               525      525        4        8       0
                text7                               4C3      4C3       12        8       0
                text6                               4D5      4D5       11        8       0
                text5                               4F7      4F7        C        8       0
                text4                               19F      19F      151        8       0
                text3                               4A6      4A6       1D        8       0
                text2                               432      432       33        8       0
                text1                               2F0      2F0       60        8       0
                maintext                            3A2      3A2       4B        8       0
                cstackBANK0                          4A       4A       16       20       1
                cstackCOMMON                         70       70        E       70       1
                cstackBANK1                          A0       A0        3       A0       1
                clrtext                             51F      51F        6        8       0
                inittext                            519      519        6        8       0
                dataBANK0                            60       60        A       20       1
                bssBANK0                             20       20       2A       20       1
                idataBANK0                          50F      50F        A        8       0

TOTAL           Name                               Link     Load   Length     Space
        CLASS   STACK          

        CLASS   CODE           
                end_init                              E        E        2         0
                cinit                                10       10       17         0
                intentry                              4        4        A         0
                reset_vec                             0        0        2         0
                text16                              503      503        C         0
                text15                               27       27      178         0
                text14                              465      465       23         0
                text13                              3ED      3ED       45         0
                text11                              488      488       1E         0
                text10                              4E6      4E6       11         0
                text9                               350      350       52         0
                text8                               525      525        4         0
                text7                               4C3      4C3       12         0
                text6                               4D5      4D5       11         0
                text5                               4F7      4F7        C         0
                text4                               19F      19F      151         0
                text3                               4A6      4A6       1D         0
                text2                               432      432       33         0
                text1                               2F0      2F0       60         0
                maintext                            3A2      3A2       4B         0
                clrtext                             51F      51F        6         0
                inittext                            519      519        6         0
                idataBANK0                          50F      50F        A         0

        CLASS   STRCODE        

        CLASS   STRING         

        CLASS   CONST          

        CLASS   ENTRY          

        CLASS   COMMON         
                cstackCOMMON                         70       70        E         1

        CLASS   BANK0          
                cstackBANK0                          4A       4A       16         1
                dataBANK0                            60       60        A         1
                bssBANK0                             20       20       2A         1

        CLASS   BANK1          
                cstackBANK1                          A0       A0        3         1

        CLASS   BANK2          

        CLASS   BIGRAM         

        CLASS   RAM            

        CLASS   ABS1           
                abs_s1                               7E       7E        2         1

        CLASS   SFR0           

        CLASS   SFR1           

        CLASS   SFR2           

        CLASS   SFR3           

        CLASS   SFR4           

        CLASS   SFR5           

        CLASS   SFR6           

        CLASS   SFR7           

        CLASS   SFR8           

        CLASS   SFR9           

        CLASS   SFR10          

        CLASS   SFR11          

        CLASS   SFR12          

        CLASS   SFR13          

        CLASS   SFR14          

        CLASS   SFR15          

        CLASS   SFR16          

        CLASS   SFR17          

        CLASS   SFR18          

        CLASS   SFR19          

        CLASS   SFR20          

        CLASS   SFR21          

        CLASS   SFR22          

        CLASS   SFR23          

        CLASS   SFR24          

        CLASS   SFR25          

        CLASS   SFR26          

        CLASS   SFR27          

        CLASS   SFR28          

        CLASS   SFR29          

        CLASS   SFR30          

        CLASS   SFR31          

        CLASS   CONFIG         
                config                             8007     8007        2         0

        CLASS   IDLOC          

        CLASS   EEDATA         

        CLASS   BANK31         

        CLASS   BANK30         

        CLASS   BANK29         

        CLASS   BANK28         

        CLASS   BANK27         

        CLASS   BANK26         

        CLASS   BANK25         

        CLASS   BANK24         

        CLASS   BANK23         

        CLASS   BANK22         

        CLASS   BANK21         

        CLASS   BANK20         

        CLASS   BANK19         

        CLASS   BANK18         

        CLASS   BANK17         

        CLASS   BANK16         

        CLASS   BANK15         

        CLASS   BANK14         

        CLASS   BANK13         

        CLASS   BANK12         

        CLASS   BANK11         

        CLASS   BANK10         

        CLASS   BANK9          

        CLASS   BANK8          

        CLASS   BANK7          

        CLASS   BANK6          

        CLASS   BANK5          

        CLASS   BANK4          

        CLASS   BANK3          



SEGMENTS        Name                           Load    Length   Top    Selector   Space  Class     Delta

                reset_vec                      000000  000002  000002         0       0  CODE        2
                intentry                       000004  000525  000529         8       0  CODE        2
                bssBANK0                       000020  00004A  00006A        20       1  BANK0       1
                cstackCOMMON                   000070  00000E  00007E        70       1  COMMON      1
                cstackBANK1                    0000A0  000003  0000A3        A0       1  BANK1       1
                config                         008007  000002  008009     1000E       0  CONFIG      2


UNUSED ADDRESS RANGES

        Name                Unused          Largest block    Delta
        BANK0            0006A-0006F               6           1
        BANK1            000A3-000EF              4D           1
        BANK2            00120-0016F              50           1
        BIGRAM           02000-020EF              F0           1
        CODE             00002-00003               2           2
                         00529-00FFF             2D7
        CONST            00002-00003               2           2
                         00529-00FFF             100
        EEDATA           0F000-0F0FF             100           2
        ENTRY            00002-00003               2           2
                         00529-00FFF             100
        IDLOC            08000-08003               4           2
        RAM              0006A-0006F               6           1
                         000A3-000EF              4D
                         00120-0016F              50
        SFR0             00000-0001F              20           1
        SFR1             00080-0009F              20           1
        SFR10            00500-0056F              70           1
        SFR11            00580-005EF              70           1
        SFR12            00600-0066F              70           1
        SFR13            00680-006EF              70           1
        SFR14            00700-0076F              70           1
        SFR15            00780-007EF              70           1
        SFR16            00800-0086F              70           1
        SFR17            00880-008EF              70           1
        SFR18            00900-0096F              70           1
        SFR19            00980-009EF              70           1
        SFR2             00100-0011F              20           1
        SFR20            00A00-00A6F              70           1
        SFR21            00A80-00AEF              70           1
        SFR22            00B00-00B6F              70           1
        SFR23            00B80-00BEF              70           1
        SFR24            00C00-00C6F              70           1
        SFR25            00C80-00CEF              70           1
        SFR26            00D00-00D6F              70           1
        SFR27            00D80-00DEF              70           1
        SFR28            00E00-00E6F              70           1
        SFR29            00E80-00EEF              70           1
        SFR3             00180-001EF              70           1
        SFR30            00F00-00F6F              70           1
        SFR31            00F80-00FEF              70           1
        SFR4             00200-0026F              70           1
        SFR5             00280-002EF              70           1
        SFR6             00300-0036F              70           1
        SFR7             00380-003EF              70           1
        SFR8             00400-0046F              70           1
        SFR9             00480-004EF              70           1
        STACK            02053-020EF              9D           1
        STRCODE          00002-00003               2           2
                         00529-00FFF             AD7
        STRING           00002-00003               2           2
                         00529-00FFF             100

                                  Symbol Table

?_ChangeAddress                          cstackBANK0  00050
ChangeAddress@AddCnt                     bssBANK0     0002F
ChangeAddress@Addresses                  dataBANK0    00060
Initialize_Parameters@i                  bssBANK0     0002D
Organize_Datas@Buffer                    cstackBANK0  00050
Organize_Datas@RxData                    cstackBANK0  0005A
Organize_Datas@bus_number                cstackBANK0  00053
Organize_Datas@number_of_data            cstackBANK0  00051
Reception_from_master@Receive_data_count bssBANK0     00032
Reception_from_master@error_complete     cstackBANK0  0004F
Reception_from_master@slave_address      cstackBANK0  0004E
Store_Datas@Buffer                       cstackBANK0  0004A
Store_Datas@EUSART_ERROR                 cstackCOMMON 00076
Store_Datas@bus_number                   cstackCOMMON 00074
Store_Datas@number_of_receive_data       cstackCOMMON 00072
Store_Datas@received_data                cstackCOMMON 00071
WriteAddress@Address                     cstackBANK0  00050
WriteData@Address                        cstackBANK0  00050
_ANSELA                                  (abs)        0018C
_ANSELB                                  (abs)        0018D
_BAUDCONbits                             (abs)        0019F
_Buffer0                                 bssBANK0     00033
_ChangeAddress                           text11       00488
_EUSART_ERROR_from_master                text16       00503
_INTCONbits                              (abs)        0000B
_INTERRUPT_HANDLER                       intentry     00004
_Initialize                              text5        004F7
_Initialize_Parameters                   text9        00350
_LATAbits                                (abs)        0010C
_LATBbits                                (abs)        0010D
_LATCbits                                (abs)        0010E
_OP                                      bssBANK0     00029
_OSCCON                                  (abs)        00099
_Organize_Datas                          text4        0019F
_Oscillator_Initialize                   text8        00525
_PIE1bits                                (abs)        00091
_PIR1bits                                (abs)        00011
_Pin_Initialize                          text7        004C3
_RCREG                                   (abs)        00199
_RCSTAbits                               (abs)        0019D
_Receive_flag                            dataBANK0    00069
_Reception_from_master                   text13       003ED
_Reception_from_master_main              text3        004A6
_RxData0                                 bssBANK0     00040
_SPBRGH                                  (abs)        0019C
_SPBRGL                                  (abs)        0019B
_SeP                                     bssBANK0     00020
_StP                                     bssBANK0     00025
_Store_Datas                             text15       00027
_TRISAbits                               (abs)        0008C
_TRISBbits                               (abs)        0008D
_TRISCbits                               (abs)        0008E
_TXSTAbits                               (abs)        0019E
_UART_Initialize                         text6        004D5
_WriteAddress                            text2        00432
_WriteData                               text1        002F0
__CFG_BOREN$OFF                          (abs)        00000
__CFG_BORV$HI                            (abs)        00000
__CFG_CLKOUTEN$OFF                       (abs)        00000
__CFG_CP$OFF                             (abs)        00000
__CFG_CPD$OFF                            (abs)        00000
__CFG_FCMEN$OFF                          (abs)        00000
__CFG_FOSC$INTOSC                        (abs)        00000
__CFG_IESO$OFF                           (abs)        00000
__CFG_LVP$OFF                            (abs)        00000
__CFG_MCLRE$OFF                          (abs)        00000
__CFG_PLLEN$ON                           (abs)        00000
__CFG_PWRTE$OFF                          (abs)        00000
__CFG_STVREN$OFF                         (abs)        00000
__CFG_VCAPEN$OFF                         (abs)        00000
__CFG_WDTE$OFF                           (abs)        00000
__CFG_WRT$OFF                            (abs)        00000
__Habs1                                  abs1         00000
__Hbank0                                 bank0        00000
__Hbank1                                 bank1        00000
__Hbank10                                bank10       00000
__Hbank11                                bank11       00000
__Hbank12                                bank12       00000
__Hbank13                                bank13       00000
__Hbank14                                bank14       00000
__Hbank15                                bank15       00000
__Hbank16                                bank16       00000
__Hbank17                                bank17       00000
__Hbank18                                bank18       00000
__Hbank19                                bank19       00000
__Hbank2                                 bank2        00000
__Hbank20                                bank20       00000
__Hbank21                                bank21       00000
__Hbank22                                bank22       00000
__Hbank23                                bank23       00000
__Hbank24                                bank24       00000
__Hbank25                                bank25       00000
__Hbank26                                bank26       00000
__Hbank27                                bank27       00000
__Hbank28                                bank28       00000
__Hbank29                                bank29       00000
__Hbank3                                 bank3        00000
__Hbank30                                bank30       00000
__Hbank31                                bank31       00000
__Hbank4                                 bank4        00000
__Hbank5                                 bank5        00000
__Hbank6                                 bank6        00000
__Hbank7                                 bank7        00000
__Hbank8                                 bank8        00000
__Hbank9                                 bank9        00000
__Hbigram                                bigram       00000
__HbssBANK0                              bssBANK0     00000
__Hcinit                                 cinit        00027
__Hclrtext                               clrtext      00000
__Hcode                                  code         00000
__Hcommon                                common       00000
__Hconfig                                config       08009
__HcstackBANK0                           cstackBANK0  00000
__HcstackBANK1                           cstackBANK1  00000
__HcstackCOMMON                          cstackCOMMON 00000
__HdataBANK0                             dataBANK0    00000
__Heeprom_data                           eeprom_data  00000
__Hend_init                              end_init     00010
__Hfunctab                               functab      00000
__HidataBANK0                            idataBANK0   00000
__Hidloc                                 idloc        00000
__Hinit                                  init         0000E
__Hinittext                              inittext     00000
__Hintentry                              intentry     0000E
__Hmaintext                              maintext     00000
__Hpowerup                               powerup      00000
__Hram                                   ram          00000
__Hreset_vec                             reset_vec    00002
__Hsfr0                                  sfr0         00000
__Hsfr1                                  sfr1         00000
__Hsfr10                                 sfr10        00000
__Hsfr11                                 sfr11        00000
__Hsfr12                                 sfr12        00000
__Hsfr13                                 sfr13        00000
__Hsfr14                                 sfr14        00000
__Hsfr15                                 sfr15        00000
__Hsfr16                                 sfr16        00000
__Hsfr17                                 sfr17        00000
__Hsfr18                                 sfr18        00000
__Hsfr19                                 sfr19        00000
__Hsfr2                                  sfr2         00000
__Hsfr20                                 sfr20        00000
__Hsfr21                                 sfr21        00000
__Hsfr22                                 sfr22        00000
__Hsfr23                                 sfr23        00000
__Hsfr24                                 sfr24        00000
__Hsfr25                                 sfr25        00000
__Hsfr26                                 sfr26        00000
__Hsfr27                                 sfr27        00000
__Hsfr28                                 sfr28        00000
__Hsfr29                                 sfr29        00000
__Hsfr3                                  sfr3         00000
__Hsfr30                                 sfr30        00000
__Hsfr31                                 sfr31        00000
__Hsfr4                                  sfr4         00000
__Hsfr5                                  sfr5         00000
__Hsfr6                                  sfr6         00000
__Hsfr7                                  sfr7         00000
__Hsfr8                                  sfr8         00000
__Hsfr9                                  sfr9         00000
__Hspace_0                               (abs)        08009
__Hspace_1                               (abs)        000A3
__Hspace_2                               (abs)        00000
__Hspace_3                               (abs)        00000
__Hstack                                 stack        00000
__Hstrings                               strings      00000
__Htext                                  text         00000
__Labs1                                  abs1         00000
__Lbank0                                 bank0        00000
__Lbank1                                 bank1        00000
__Lbank10                                bank10       00000
__Lbank11                                bank11       00000
__Lbank12                                bank12       00000
__Lbank13                                bank13       00000
__Lbank14                                bank14       00000
__Lbank15                                bank15       00000
__Lbank16                                bank16       00000
__Lbank17                                bank17       00000
__Lbank18                                bank18       00000
__Lbank19                                bank19       00000
__Lbank2                                 bank2        00000
__Lbank20                                bank20       00000
__Lbank21                                bank21       00000
__Lbank22                                bank22       00000
__Lbank23                                bank23       00000
__Lbank24                                bank24       00000
__Lbank25                                bank25       00000
__Lbank26                                bank26       00000
__Lbank27                                bank27       00000
__Lbank28                                bank28       00000
__Lbank29                                bank29       00000
__Lbank3                                 bank3        00000
__Lbank30                                bank30       00000
__Lbank31                                bank31       00000
__Lbank4                                 bank4        00000
__Lbank5                                 bank5        00000
__Lbank6                                 bank6        00000
__Lbank7                                 bank7        00000
__Lbank8                                 bank8        00000
__Lbank9                                 bank9        00000
__Lbigram                                bigram       00000
__LbssBANK0                              bssBANK0     00000
__Lcinit                                 cinit        00010
__Lclrtext                               clrtext      00000
__Lcode                                  code         00000
__Lcommon                                common       00000
__Lconfig                                config       08007
__LcstackBANK0                           cstackBANK0  00000
__LcstackBANK1                           cstackBANK1  00000
__LcstackCOMMON                          cstackCOMMON 00000
__LdataBANK0                             dataBANK0    00000
__Leeprom_data                           eeprom_data  00000
__Lend_init                              end_init     0000E
__Lfunctab                               functab      00000
__LidataBANK0                            idataBANK0   00000
__Lidloc                                 idloc        00000
__Linit                                  init         0000E
__Linittext                              inittext     00000
__Lintentry                              intentry     00004
__Lmaintext                              maintext     00000
__Lpowerup                               powerup      00000
__Lram                                   ram          00000
__Lreset_vec                             reset_vec    00000
__Lsfr0                                  sfr0         00000
__Lsfr1                                  sfr1         00000
__Lsfr10                                 sfr10        00000
__Lsfr11                                 sfr11        00000
__Lsfr12                                 sfr12        00000
__Lsfr13                                 sfr13        00000
__Lsfr14                                 sfr14        00000
__Lsfr15                                 sfr15        00000
__Lsfr16                                 sfr16        00000
__Lsfr17                                 sfr17        00000
__Lsfr18                                 sfr18        00000
__Lsfr19                                 sfr19        00000
__Lsfr2                                  sfr2         00000
__Lsfr20                                 sfr20        00000
__Lsfr21                                 sfr21        00000
__Lsfr22                                 sfr22        00000
__Lsfr23                                 sfr23        00000
__Lsfr24                                 sfr24        00000
__Lsfr25                                 sfr25        00000
__Lsfr26                                 sfr26        00000
__Lsfr27                                 sfr27        00000
__Lsfr28                                 sfr28        00000
__Lsfr29                                 sfr29        00000
__Lsfr3                                  sfr3         00000
__Lsfr30                                 sfr30        00000
__Lsfr31                                 sfr31        00000
__Lsfr4                                  sfr4         00000
__Lsfr5                                  sfr5         00000
__Lsfr6                                  sfr6         00000
__Lsfr7                                  sfr7         00000
__Lsfr8                                  sfr8         00000
__Lsfr9                                  sfr9         00000
__Lspace_0                               (abs)        00000
__Lspace_1                               (abs)        00000
__Lspace_2                               (abs)        00000
__Lspace_3                               (abs)        00000
__Lstack                                 stack        00000
__Lstrings                               strings      00000
__Ltext                                  text         00000
__S0                                     (abs)        08009
__S1                                     (abs)        000A3
__S2                                     (abs)        00000
__S3                                     (abs)        00000
___bmul                                  text10       004E6
___bmul@multiplicand                     cstackBANK0  00050
___bmul@multiplier                       cstackBANK0  00053
___bmul@product                          cstackBANK0  00052
___int_sp                                stack        00000
___latbits                               (abs)        00001
___sp                                    stack        00000
___stackhi                               (abs)        020EF
___stacklo                               (abs)        02053
__end_of_ChangeAddress                   text11       004A6
__end_of_EUSART_ERROR_from_master        text16       0050F
__end_of_INTERRUPT_HANDLER               intentry     0000E
__end_of_Initialize                      text5        00503
__end_of_Initialize_Parameters           text9        003A2
__end_of_Organize_Datas                  text4        002F0
__end_of_Oscillator_Initialize           text8        00529
__end_of_Pin_Initialize                  text7        004D5
__end_of_Reception_from_master           text13       00432
__end_of_Reception_from_master_main      text3        004C3
__end_of_Store_Datas                     text15       0019F
__end_of_UART_Initialize                 text6        004E6
__end_of_WriteAddress                    text2        00465
__end_of_WriteData                       text1        00350
__end_of___bmul                          text10       004F7
__end_of__initialization                 cinit        00023
__end_of_main                            maintext     003ED
__end_of_slave_address_check             text14       00488
__initialization                         cinit        00010
__pbssBANK0                              bssBANK0     00020
__pcstackBANK0                           cstackBANK0  0004A
__pcstackBANK1                           cstackBANK1  000A0
__pcstackCOMMON                          cstackCOMMON 00070
__pdataBANK0                             dataBANK0    00060
__pidataBANK0                            idataBANK0   0050F
__pintentry                              intentry     00004
__pmaintext                              maintext     003A2
__ptext1                                 text1        002F0
__ptext10                                text10       004E6
__ptext11                                text11       00488
__ptext13                                text13       003ED
__ptext14                                text14       00465
__ptext15                                text15       00027
__ptext16                                text16       00503
__ptext2                                 text2        00432
__ptext3                                 text3        004A6
__ptext4                                 text4        0019F
__ptext5                                 text5        004F7
__ptext6                                 text6        004D5
__ptext7                                 text7        004C3
__ptext8                                 text8        00525
__ptext9                                 text9        00350
__size_of_ChangeAddress                  (abs)        00000
__size_of_EUSART_ERROR_from_master       (abs)        00000
__size_of_INTERRUPT_HANDLER              (abs)        00000
__size_of_Initialize                     (abs)        00000
__size_of_Initialize_Parameters          (abs)        00000
__size_of_Organize_Datas                 (abs)        00000
__size_of_Oscillator_Initialize          (abs)        00000
__size_of_Pin_Initialize                 (abs)        00000
__size_of_Reception_from_master          (abs)        00000
__size_of_Reception_from_master_main     (abs)        00000
__size_of_Store_Datas                    (abs)        00000
__size_of_UART_Initialize                (abs)        00000
__size_of_WriteAddress                   (abs)        00000
__size_of_WriteData                      (abs)        00000
__size_of___bmul                         (abs)        00000
__size_of_main                           (abs)        00000
__size_of_slave_address_check            (abs)        00000
_main                                    maintext     003A2
_slave_address_check                     text14       00465
_slave_different_flag                    dataBANK0    00068
btemp                                    (abs)        0007E
clear_ram0                               clrtext      0051F
end_of_initialization                    cinit        00023
init_ram                                 inittext     00519
int$flags                                (abs)        0007E
intlevel0                                functab      00000
intlevel1                                functab      00000
intlevel2                                functab      00000
intlevel3                                functab      00000
intlevel4                                functab      00000
intlevel5                                functab      00000
main@Address                             cstackBANK1  000A1
reset_vec                                reset_vec    00000
slave_address_check@data_count           cstackCOMMON 00075
slave_address_check@sample_data          cstackCOMMON 00076
slave_address_check@slave_address        cstackCOMMON 00070
slave_address_check@slave_flag           cstackCOMMON 00071
start                                    init         0000E
start_initialization                     cinit        00010
wtemp0                                   (abs)        0007E


FUNCTION INFORMATION:

 *************** function _main *****************
 Defined at:
		line 25 in file "main.c"
 Parameters:    Size  Location     Type
  argc            2   18[BANK0 ] int 
  argv            2   20[BANK0 ] PTR PTR unsigned char 
 Auto vars:     Size  Location     Type
  Address         2    1[BANK1 ] int 
 Return value:  Size  Location     Type
                  2   18[BANK0 ] int 
 Registers used:
		wreg, fsr1l, fsr1h, status,2, status,0, pclath, cstack
 Tracked objects:
		On entry : 
		On exit  : 
		Unchanged: 
 Data sizes:     COMMON   BANK0   BANK1   BANK2
      Params:         0       4       0       0
      Locals:         0       0       2       0
      Temps:          0       0       1       0
      Totals:         0       4       3       0
Total ram usage:        7 bytes
 Hardware stack levels required when called:    7
 This function calls:
		_ChangeAddress
		_Initialize
		_Organize_Datas
		_Reception_from_master_main
		_WriteAddress
		_WriteData
 This function is called by:
		Startup code after reset
 This function uses a non-reentrant model


 *************** function _WriteData *****************
 Defined at:
		line 87 in file "main.c"
 Parameters:    Size  Location     Type
  Address         2    6[BANK0 ] int 
 Auto vars:     Size  Location     Type
		None
 Return value:  Size  Location     Type
                  1    wreg      void 
 Registers used:
		wreg, fsr1l, fsr1h, status,2, status,0
 Tracked objects:
		On entry : 
		On exit  : 
		Unchanged: 
 Data sizes:     COMMON   BANK0   BANK1   BANK2
      Params:         0       2       0       0
      Locals:         0       0       0       0
      Temps:          0       0       0       0
      Totals:         0       2       0       0
Total ram usage:        2 bytes
 Hardware stack levels used:    1
 Hardware stack levels required when called:    4
 This function calls:
		Nothing
 This function is called by:
		_main
 This function uses a non-reentrant model


 *************** function _WriteAddress *****************
 Defined at:
		line 75 in file "main.c"
 Parameters:    Size  Location     Type
  Address         2    6[BANK0 ] int 
 Auto vars:     Size  Location     Type
		None
 Return value:  Size  Location     Type
                  1    wreg      void 
 Registers used:
		wreg, status,2, status,0
 Tracked objects:
		On entry : 
		On exit  : 
		Unchanged: 
 Data sizes:     COMMON   BANK0   BANK1   BANK2
      Params:         0       2       0       0
      Locals:         0       0       0       0
      Temps:          0       2       0       0
      Totals:         0       4       0       0
Total ram usage:        4 bytes
 Hardware stack levels used:    1
 Hardware stack levels required when called:    4
 This function calls:
		Nothing
 This function is called by:
		_main
 This function uses a non-reentrant model


 *************** function _Reception_from_master_main *****************
 Defined at:
		line 90 in file "communication.c"
 Parameters:    Size  Location     Type
		None
 Auto vars:     Size  Location     Type
		None
 Return value:  Size  Location     Type
                  1    wreg      void 
 Registers used:
		wreg, fsr1l, fsr1h, status,2, status,0, pclath, cstack
 Tracked objects:
		On entry : 
		On exit  : 
		Unchanged: 
 Data sizes:     COMMON   BANK0   BANK1   BANK2
      Params:         0       0       0       0
      Locals:         0       0       0       0
      Temps:          0       1       0       0
      Totals:         0       1       0       0
Total ram usage:        1 bytes
 Hardware stack levels used:    1
 Hardware stack levels required when called:    5
 This function calls:
		_Organize_Datas
 This function is called by:
		_main
 This function uses a non-reentrant model


 *************** function _Organize_Datas *****************
 Defined at:
		line 20 in file "Controller_Protocol.c"
 Parameters:    Size  Location     Type
  RxData          1    wreg     PTR struct .
		 -> RxData0(10), 
  Buffer          1    6[BANK0 ] PTR struct .
		 -> Buffer0(13), 
  number_of_da    2    7[BANK0 ] int 
  bus_number      2    9[BANK0 ] int 
 Auto vars:     Size  Location     Type
  RxData          1   16[BANK0 ] PTR struct .
		 -> RxData0(10), 
 Return value:  Size  Location     Type
                  1    wreg      void 
 Registers used:
		wreg, fsr1l, fsr1h, status,2, status,0
 Tracked objects:
		On entry : 
		On exit  : 
		Unchanged: 
 Data sizes:     COMMON   BANK0   BANK1   BANK2
      Params:         0       5       0       0
      Locals:         0       1       0       0
      Temps:          0       5       0       0
      Totals:         0      11       0       0
Total ram usage:       11 bytes
 Hardware stack levels used:    1
 Hardware stack levels required when called:    4
 This function calls:
		Nothing
 This function is called by:
		_main
		_Reception_from_master_main
 This function uses a non-reentrant model


 *************** function _Initialize *****************
 Defined at:
		line 5 in file "Init.c"
 Parameters:    Size  Location     Type
		None
 Auto vars:     Size  Location     Type
		None
 Return value:  Size  Location     Type
                  1    wreg      void 
 Registers used:
		wreg, fsr1l, fsr1h, status,2, status,0, pclath, cstack
 Tracked objects:
		On entry : 
		On exit  : 
		Unchanged: 
 Data sizes:     COMMON   BANK0   BANK1   BANK2
      Params:         0       0       0       0
      Locals:         0       0       0       0
      Temps:          0       0       0       0
      Totals:         0       0       0       0
Total ram usage:        0 bytes
 Hardware stack levels used:    1
 Hardware stack levels required when called:    6
 This function calls:
		_Initialize_Parameters
		_Oscillator_Initialize
		_Pin_Initialize
		_UART_Initialize
 This function is called by:
		_main
 This function uses a non-reentrant model


 *************** function _UART_Initialize *****************
 Defined at:
		line 41 in file "Init.c"
 Parameters:    Size  Location     Type
		None
 Auto vars:     Size  Location     Type
		None
 Return value:  Size  Location     Type
                  1    wreg      void 
 Registers used:
		wreg, status,2
 Tracked objects:
		On entry : 
		On exit  : 
		Unchanged: 
 Data sizes:     COMMON   BANK0   BANK1   BANK2
      Params:         0       0       0       0
      Locals:         0       0       0       0
      Temps:          0       0       0       0
      Totals:         0       0       0       0
Total ram usage:        0 bytes
 Hardware stack levels used:    1
 Hardware stack levels required when called:    4
 This function calls:
		Nothing
 This function is called by:
		_Initialize
 This function uses a non-reentrant model


 *************** function _Pin_Initialize *****************
 Defined at:
		line 18 in file "Init.c"
 Parameters:    Size  Location     Type
		None
 Auto vars:     Size  Location     Type
		None
 Return value:  Size  Location     Type
                  1    wreg      void 
 Registers used:
		status,2
 Tracked objects:
		On entry : 
		On exit  : 
		Unchanged: 
 Data sizes:     COMMON   BANK0   BANK1   BANK2
      Params:         0       0       0       0
      Locals:         0       0       0       0
      Temps:          0       0       0       0
      Totals:         0       0       0       0
Total ram usage:        0 bytes
 Hardware stack levels used:    1
 Hardware stack levels required when called:    4
 This function calls:
		Nothing
 This function is called by:
		_Initialize
 This function uses a non-reentrant model


 *************** function _Oscillator_Initialize *****************
 Defined at:
		line 13 in file "Init.c"
 Parameters:    Size  Location     Type
		None
 Auto vars:     Size  Location     Type
		None
 Return value:  Size  Location     Type
                  1    wreg      void 
 Registers used:
		wreg
 Tracked objects:
		On entry : 
		On exit  : 
		Unchanged: 
 Data sizes:     COMMON   BANK0   BANK1   BANK2
      Params:         0       0       0       0
      Locals:         0       0       0       0
      Temps:          0       0       0       0
      Totals:         0       0       0       0
Total ram usage:        0 bytes
 Hardware stack levels used:    1
 Hardware stack levels required when called:    4
 This function calls:
		Nothing
 This function is called by:
		_Initialize
 This function uses a non-reentrant model


 *************** function _Initialize_Parameters *****************
 Defined at:
		line 116 in file "Controller_Protocol.c"
 Parameters:    Size  Location     Type
		None
 Auto vars:     Size  Location     Type
		None
 Return value:  Size  Location     Type
                  1    wreg      void 
 Registers used:
		wreg, fsr1l, fsr1h, status,2, status,0, pclath, cstack
 Tracked objects:
		On entry : 
		On exit  : 
		Unchanged: 
 Data sizes:     COMMON   BANK0   BANK1   BANK2
      Params:         0       0       0       0
      Locals:         0       0       0       0
      Temps:          0       1       0       0
      Totals:         0       1       0       0
Total ram usage:        1 bytes
 Hardware stack levels used:    1
 Hardware stack levels required when called:    5
 This function calls:
		___bmul
 This function is called by:
		_Initialize
 This function uses a non-reentrant model


 *************** function ___bmul *****************
 Defined at:
		line 4 in file "C:\Program Files (x86)\Microchip\xc8\v2.10\pic\sources\c90\common\Umul8.c"
 Parameters:    Size  Location     Type
  multiplier      1    wreg     unsigned char 
  multiplicand    1    6[BANK0 ] unsigned char 
 Auto vars:     Size  Location     Type
  multiplier      1    9[BANK0 ] unsigned char 
  product         1    8[BANK0 ] unsigned char 
 Return value:  Size  Location     Type
                  1    wreg      unsigned char 
 Registers used:
		wreg, status,2, status,0
 Tracked objects:
		On entry : 
		On exit  : 
		Unchanged: 
 Data sizes:     COMMON   BANK0   BANK1   BANK2
      Params:         0       1       0       0
      Locals:         0       2       0       0
      Temps:          0       1       0       0
      Totals:         0       4       0       0
Total ram usage:        4 bytes
 Hardware stack levels used:    1
 Hardware stack levels required when called:    4
 This function calls:
		Nothing
 This function is called by:
		_Initialize_Parameters
 This function uses a non-reentrant model


 *************** function _ChangeAddress *****************
 Defined at:
		line 56 in file "main.c"
 Parameters:    Size  Location     Type
		None
 Auto vars:     Size  Location     Type
		None
 Return value:  Size  Location     Type
                  2    6[BANK0 ] int 
 Registers used:
		wreg, fsr1l, fsr1h, status,2, status,0
 Tracked objects:
		On entry : 
		On exit  : 
		Unchanged: 
 Data sizes:     COMMON   BANK0   BANK1   BANK2
      Params:         0       2       0       0
      Locals:         0       0       0       0
      Temps:          0       2       0       0
      Totals:         0       4       0       0
Total ram usage:        4 bytes
 Hardware stack levels used:    1
 Hardware stack levels required when called:    4
 This function calls:
		Nothing
 This function is called by:
		_main
 This function uses a non-reentrant model


 *************** function _INTERRUPT_HANDLER *****************
 Defined at:
		line 99 in file "main.c"
 Parameters:    Size  Location     Type
		None
 Auto vars:     Size  Location     Type
		None
 Return value:  Size  Location     Type
                  1    wreg      void 
 Registers used:
		wreg, fsr1l, fsr1h, status,2, status,0, pclath, cstack
 Tracked objects:
		On entry : 
		On exit  : 
		Unchanged: 
 Data sizes:     COMMON   BANK0   BANK1   BANK2
      Params:         0       0       0       0
      Locals:         0       0       0       0
      Temps:          0       0       0       0
      Totals:         0       0       0       0
Total ram usage:        0 bytes
 Hardware stack levels used:    1
 Hardware stack levels required when called:    3
 This function calls:
		_Reception_from_master
 This function is called by:
		Interrupt level 1
 This function uses a non-reentrant model


 *************** function _Reception_from_master *****************
 Defined at:
		line 36 in file "communication.c"
 Parameters:    Size  Location     Type
  slave_addres    1    wreg     unsigned char 
 Auto vars:     Size  Location     Type
  slave_addres    1    4[BANK0 ] unsigned char 
  error_comple    1    5[BANK0 ] unsigned char 
 Return value:  Size  Location     Type
                  1    wreg      void 
 Registers used:
		wreg, fsr1l, fsr1h, status,2, status,0, pclath, cstack
 Tracked objects:
		On entry : 
		On exit  : 
		Unchanged: 
 Data sizes:     COMMON   BANK0   BANK1   BANK2
      Params:         0       0       0       0
      Locals:         0       2       0       0
      Temps:          0       3       0       0
      Totals:         0       5       0       0
Total ram usage:        5 bytes
 Hardware stack levels used:    1
 Hardware stack levels required when called:    2
 This function calls:
		_Store_Datas
		_slave_address_check
 This function is called by:
		_INTERRUPT_HANDLER
 This function uses a non-reentrant model


 *************** function _slave_address_check *****************
 Defined at:
		line 74 in file "communication.c"
 Parameters:    Size  Location     Type
  data_count      1    wreg     unsigned char 
  slave_addres    1    0[COMMON] unsigned char 
  slave_flag      1    1[COMMON] unsigned char 
 Auto vars:     Size  Location     Type
  data_count      1    5[COMMON] unsigned char 
  sample_data     1    6[COMMON] unsigned char 
 Return value:  Size  Location     Type
                  1    wreg      unsigned char 
 Registers used:
		wreg, status,2, status,0
 Tracked objects:
		On entry : 
		On exit  : 
		Unchanged: 
 Data sizes:     COMMON   BANK0   BANK1   BANK2
      Params:         2       0       0       0
      Locals:         2       0       0       0
      Temps:          3       0       0       0
      Totals:         7       0       0       0
Total ram usage:        7 bytes
 Hardware stack levels used:    1
 This function calls:
		Nothing
 This function is called by:
		_Reception_from_master
 This function uses a non-reentrant model


 *************** function _Store_Datas *****************
 Defined at:
		line 34 in file "Controller_Protocol.c"
 Parameters:    Size  Location     Type
  Buffer          1    wreg     PTR struct .
		 -> Buffer0(13), 
  received_dat    1    1[COMMON] unsigned char 
  number_of_re    2    2[COMMON] int 
  bus_number      2    4[COMMON] int 
  EUSART_ERROR    2    6[COMMON] PTR FTN()unsigned char 
		 -> EUSART_ERROR_from_master(1), 
 Auto vars:     Size  Location     Type
  Buffer          1    0[BANK0 ] PTR struct .
		 -> Buffer0(13), 
 Return value:  Size  Location     Type
                  1    wreg      unsigned char 
 Registers used:
		wreg, fsr1l, fsr1h, status,2, status,0, pclath, cstack
 Tracked objects:
		On entry : 
		On exit  : 
		Unchanged: 
 Data sizes:     COMMON   BANK0   BANK1   BANK2
      Params:         7       0       0       0
      Locals:         0       1       0       0
      Temps:          6       0       0       0
      Totals:        13       1       0       0
Total ram usage:       14 bytes
 Hardware stack levels used:    1
 Hardware stack levels required when called:    1
 This function calls:
		_EUSART_ERROR_from_master
 This function is called by:
		_Reception_from_master
 This function uses a non-reentrant model


 *************** function _EUSART_ERROR_from_master *****************
 Defined at:
		line 24 in file "communication.c"
 Parameters:    Size  Location     Type
		None
 Auto vars:     Size  Location     Type
  waste_data      1    0        unsigned char 
 Return value:  Size  Location     Type
                  1    wreg      unsigned char 
 Registers used:
		wreg
 Tracked objects:
		On entry : 
		On exit  : 
		Unchanged: 
 Data sizes:     COMMON   BANK0   BANK1   BANK2
      Params:         0       0       0       0
      Locals:         1       0       0       0
      Temps:          0       0       0       0
      Totals:         1       0       0       0
Total ram usage:        1 bytes
 Hardware stack levels used:    1
 This function calls:
		Nothing
 This function is called by:
		_Reception_from_master
		_Store_Datas
 This function uses a non-reentrant model



MODULE INFORMATION

Module		Function		Class		Link	Load	Size
C:\Program Files (x86)\Microchip\xc8\v2.10\pic\sources\c90\common\Umul8.c
		___bmul        		CODE           	04E6	0000	18

C:\Program Files (x86)\Microchip\xc8\v2.10\pic\sources\c90\common\Umul8.c estimated size: 18

Init.c
		_Pin_Initialize		CODE           	04C3	0000	19
		_Oscillator_Initialize		CODE           	0525	0000	5
		_Initialize    		CODE           	04F7	0000	13
		_UART_Initialize		CODE           	04D5	0000	18

Init.c estimated size: 55

shared
		__initialization		CODE           	0010	0000	20

shared estimated size: 20

Controller_Protocol.c
		_Initialize_Parameters		CODE           	0350	0000	83
		_Organize_Datas		CODE           	019F	0000	338
		_Store_Datas   		CODE           	0027	0000	377

Controller_Protocol.c estimated size: 798

main.c
		_main          		CODE           	03A2	0000	76
		_WriteData     		CODE           	02F0	0000	97
		_INTERRUPT_HANDLER		CODE           	0004	0000	11
		_WriteAddress  		CODE           	0432	0000	52
		_ChangeAddress 		CODE           	0488	0000	31

main.c estimated size: 267

communication.c
		_Reception_from_master_main		CODE           	04A6	0000	30
		_Reception_from_master		CODE           	03ED	0000	70
		_slave_address_check		CODE           	0465	0000	36
		_EUSART_ERROR_from_master		CODE           	0503	0000	13

communication.c estimated size: 149

