Microchip MPLAB XC8 Compiler V2.00 ()

Linker command line:

-W-3 --edf=C:\Program Files (x86)\Microchip\xc8\v2.00\pic\dat\en_msgs.txt \
  -cs \
  -h+dist/default/production\ServoSlave_communication_new.X.production.sym \
  --cmf=dist/default/production\ServoSlave_communication_new.X.production.cmf \
  -z -Q16F1933 -oC:\Users\pguz1\AppData\Local\Temp\s884.2 \
  -Mdist/default/production/ServoSlave_communication_new.X.production.map \
  -E1 -ver=XC8 -ASTACK=02048h-020efh -pstack=STACK -ACODE=00h-07FFhx2 \
  -ASTRCODE=00h-0FFFh -ASTRING=00h-0FFhx16 -ACONST=00h-0FFhx16 \
  -AENTRY=00h-0FFhx16 -ACOMMON=070h-07Fh -ABANK0=020h-06Fh \
  -ABANK1=0A0h-0EFh -ABANK2=0120h-016Fh -ABIGRAM=02000h-020EFh \
  -ARAM=020h-06Fh,0A0h-0EFh,0120h-016Fh \
  -AABS1=020h-07Fh,0A0h-0EFh,0120h-016Fh -ASFR0=00h-01Fh -ASFR1=080h-09Fh \
  -ASFR2=0100h-011Fh -ASFR3=0180h-01EFh -ASFR4=0200h-026Fh \
  -ASFR5=0280h-02EFh -ASFR6=0300h-036Fh -ASFR7=0380h-03EFh \
  -ASFR8=0400h-046Fh -ASFR9=0480h-04EFh -ASFR10=0500h-056Fh \
  -ASFR11=0580h-05EFh -ASFR12=0600h-066Fh -ASFR13=0680h-06EFh \
  -ASFR14=0700h-076Fh -ASFR15=0780h-07EFh -ASFR16=0800h-086Fh \
  -ASFR17=0880h-08EFh -ASFR18=0900h-096Fh -ASFR19=0980h-09EFh \
  -ASFR20=0A00h-0A6Fh -ASFR21=0A80h-0AEFh -ASFR22=0B00h-0B6Fh \
  -ASFR23=0B80h-0BEFh -ASFR24=0C00h-0C6Fh -ASFR25=0C80h-0CEFh \
  -ASFR26=0D00h-0D6Fh -ASFR27=0D80h-0DEFh -ASFR28=0E00h-0E6Fh \
  -ASFR29=0E80h-0EEFh -ASFR30=0F00h-0F6Fh -ASFR31=0F80h-0FEFh \
  -preset_vec=00h,intentry=04h,init,end_init -ppowerup=CODE -pcinit=CODE \
  -pfunctab=ENTRY -ACONFIG=08007h-08008h -pconfig=CONFIG -DCONFIG=2 \
  -AIDLOC=08000h-08003h -pidloc=IDLOC -DIDLOC=2 -AEEDATA=00h-0FFh/0F000h \
  -peeprom_data=EEDATA -DEEDATA=2 -DCODE=2 -DSTRCODE=2 -DSTRING=2 -DCONST=2 \
  -DENTRY=2 -k C:\Users\pguz1\AppData\Local\Temp\s884.obj \
  dist/default/production\ServoSlave_communication_new.X.production.obj 

Object code version is 3.11

Machine type is 16F1933



                Name                               Link     Load   Length Selector   Space Scale
C:\Users\pguz1\AppData\Local\Temp\s884.obj
                end_init                              E        E        2        8       0
                reset_vec                             0        0        2        0       0
                config                             8007     8007        2    1000E       0
dist/default/production\ServoSlave_communication_new.X.production.obj
                cinit                                10       10       13        8       0
                intentry                              4        4        A        8       0
                text18                              526      526        F        8       0
                text17                               23       23      18C        8       0
                text16                              447      447       24        8       0
                text15                              36C      36C       47        8       0
                text13                              514      514       12        8       0
                text12                              30C      30C       60        8       0
                text11                              53B      53B        4        8       0
                text10                              502      502       12        8       0
                text9                               4F0      4F0       12        8       0
                text8                               4DD      4DD       13        8       0
                text7                               1AF      1AF      15D        8       0
                text6                               48E      48E       20        8       0
                text5                               4AE      4AE       19        8       0
                text4                               46B      46B       23        8       0
                text3                               3B3      3B3       41        8       0
                text2                               3F4      3F4       2F        8       0
                text1                               4C7      4C7       16        8       0
                maintext                            423      423       24        8       0
                cstackBANK0                          4D       4D       19       20       1
                cstackCOMMON                         70       70        D       70       1
                clrtext                             535      535        6        8       0
                dataBANK0                            66       66        2       20       1
                bssBANK0                             20       20       2D       20       1
                idataBANK0                          53F      53F        2        8       0

TOTAL           Name                               Link     Load   Length     Space
        CLASS   STACK          

        CLASS   CODE           
                end_init                              E        E        2         0
                cinit                                10       10       13         0
                intentry                              4        4        A         0
                reset_vec                             0        0        2         0
                text18                              526      526        F         0
                text17                               23       23      18C         0
                text16                              447      447       24         0
                text15                              36C      36C       47         0
                text13                              514      514       12         0
                text12                              30C      30C       60         0
                text11                              53B      53B        4         0
                text10                              502      502       12         0
                text9                               4F0      4F0       12         0
                text8                               4DD      4DD       13         0
                text7                               1AF      1AF      15D         0
                text6                               48E      48E       20         0
                text5                               4AE      4AE       19         0
                text4                               46B      46B       23         0
                text3                               3B3      3B3       41         0
                text2                               3F4      3F4       2F         0
                text1                               4C7      4C7       16         0
                maintext                            423      423       24         0
                clrtext                             535      535        6         0
                idataBANK0                          53F      53F        2         0

        CLASS   STRCODE        

        CLASS   STRING         

        CLASS   CONST          

        CLASS   ENTRY          

        CLASS   COMMON         
                cstackCOMMON                         70       70        D         1

        CLASS   BANK0          
                cstackBANK0                          4D       4D       19         1
                dataBANK0                            66       66        2         1
                bssBANK0                             20       20       2D         1

        CLASS   BANK1          

        CLASS   BANK2          

        CLASS   BIGRAM         

        CLASS   RAM            

        CLASS   ABS1           
                abs_s1                               7E       7E        2         1

        CLASS   SFR0           

        CLASS   SFR1           

        CLASS   SFR2           

        CLASS   SFR3           

        CLASS   SFR4           

        CLASS   SFR5           

        CLASS   SFR6           

        CLASS   SFR7           

        CLASS   SFR8           

        CLASS   SFR9           

        CLASS   SFR10          

        CLASS   SFR11          

        CLASS   SFR12          

        CLASS   SFR13          

        CLASS   SFR14          

        CLASS   SFR15          

        CLASS   SFR16          

        CLASS   SFR17          

        CLASS   SFR18          

        CLASS   SFR19          

        CLASS   SFR20          

        CLASS   SFR21          

        CLASS   SFR22          

        CLASS   SFR23          

        CLASS   SFR24          

        CLASS   SFR25          

        CLASS   SFR26          

        CLASS   SFR27          

        CLASS   SFR28          

        CLASS   SFR29          

        CLASS   SFR30          

        CLASS   SFR31          

        CLASS   CONFIG         
                config                             8007     8007        2         0

        CLASS   IDLOC          

        CLASS   EEDATA         

        CLASS   BANK31         

        CLASS   BANK30         

        CLASS   BANK29         

        CLASS   BANK28         

        CLASS   BANK27         

        CLASS   BANK26         

        CLASS   BANK25         

        CLASS   BANK24         

        CLASS   BANK23         

        CLASS   BANK22         

        CLASS   BANK21         

        CLASS   BANK20         

        CLASS   BANK19         

        CLASS   BANK18         

        CLASS   BANK17         

        CLASS   BANK16         

        CLASS   BANK15         

        CLASS   BANK14         

        CLASS   BANK13         

        CLASS   BANK12         

        CLASS   BANK11         

        CLASS   BANK10         

        CLASS   BANK9          

        CLASS   BANK8          

        CLASS   BANK7          

        CLASS   BANK6          

        CLASS   BANK5          

        CLASS   BANK4          

        CLASS   BANK3          



SEGMENTS        Name                           Load    Length   Top    Selector   Space  Class     Delta

                reset_vec                      000000  000002  000002         0       0  CODE        2
                intentry                       000004  00053D  000541         8       0  CODE        2
                bssBANK0                       000020  000048  000068        20       1  BANK0       1
                cstackCOMMON                   000070  00000D  00007D        70       1  COMMON      1
                config                         008007  000002  008009     1000E       0  CONFIG      2


UNUSED ADDRESS RANGES

        Name                Unused          Largest block    Delta
        BANK0            00068-0006F               8           1
        BANK1            000A0-000EF              50           1
        BANK2            00120-0016F              50           1
        BIGRAM           02000-020EF              F0           1
        CODE             00002-00003               2           2
                         00541-00FFF             2BF
        COMMON           0007D-0007D               1           1
        CONST            00002-00003               2           2
                         00541-00FFF             100
        EEDATA           0F000-0F0FF             100           2
        ENTRY            00002-00003               2           2
                         00541-00FFF             100
        IDLOC            08000-08003               4           2
        RAM              00068-0006F               8           1
                         000A0-000EF              50
                         00120-0016F              50
        SFR0             00000-0001F              20           1
        SFR1             00080-0009F              20           1
        SFR10            00500-0056F              70           1
        SFR11            00580-005EF              70           1
        SFR12            00600-0066F              70           1
        SFR13            00680-006EF              70           1
        SFR14            00700-0076F              70           1
        SFR15            00780-007EF              70           1
        SFR16            00800-0086F              70           1
        SFR17            00880-008EF              70           1
        SFR18            00900-0096F              70           1
        SFR19            00980-009EF              70           1
        SFR2             00100-0011F              20           1
        SFR20            00A00-00A6F              70           1
        SFR21            00A80-00AEF              70           1
        SFR22            00B00-00B6F              70           1
        SFR23            00B80-00BEF              70           1
        SFR24            00C00-00C6F              70           1
        SFR25            00C80-00CEF              70           1
        SFR26            00D00-00D6F              70           1
        SFR27            00D80-00DEF              70           1
        SFR28            00E00-00E6F              70           1
        SFR29            00E80-00EEF              70           1
        SFR3             00180-001EF              70           1
        SFR30            00F00-00F6F              70           1
        SFR31            00F80-00FEF              70           1
        SFR4             00200-0026F              70           1
        SFR5             00280-002EF              70           1
        SFR6             00300-0036F              70           1
        SFR7             00380-003EF              70           1
        SFR8             00400-0046F              70           1
        SFR9             00480-004EF              70           1
        STACK            02048-020EF              A8           1
        STRCODE          00002-00003               2           2
                         00541-00FFF             ABF
        STRING           00002-00003               2           2
                         00541-00FFF             100

                                  Symbol Table

ChangeAddress@None                       cstackBANK0  00058
EUSART_ERROR_from_master@waste_data      cstackCOMMON 00071
Initialize_Parameters@i                  bssBANK0     0002D
Organize_Datas@Buffer                    cstackBANK0  00055
Organize_Datas@RxData                    cstackBANK0  0005F
Organize_Datas@bus_number                cstackBANK0  00058
Organize_Datas@number_of_data            cstackBANK0  00056
Reception_from_master@Receive_data_count bssBANK0     00034
Reception_from_master@error_complete     cstackBANK0  00054
Reception_from_master@slave_address      cstackBANK0  00053
Store_Datas@Buffer                       cstackCOMMON 00079
Store_Datas@EUSART_ERROR                 cstackCOMMON 00077
Store_Datas@bus_number                   cstackCOMMON 00075
Store_Datas@number_of_receive_data       cstackCOMMON 00073
Store_Datas@received_data                cstackCOMMON 00072
Write_Address@address                    cstackBANK0  00055
Write_data@servo_data                    cstackBANK0  00055
_ANSELA                                  (abs)        0018C
_ANSELB                                  (abs)        0018D
_BAUDCONbits                             (abs)        0019F
_Buffer0                                 bssBANK0     00036
_ChangeAddress                           text4        0046B
_ChangeData                              text2        003F4
_EUSART_ERROR_from_master                text18       00526
_INTCONbits                              (abs)        0000B
_INTERRUPT_HANDLER                       intentry     00004
_Initialize                              text8        004DD
_Initialize_Parameters                   text12       0030C
_LATAbits                                (abs)        0010C
_LATBbits                                (abs)        0010D
_LATCbits                                (abs)        0010E
_OP                                      bssBANK0     00029
_OSCCON                                  (abs)        00099
_Organize_Datas                          text7        001AF
_Oscillator_Initialize                   text11       0053B
_PIE1bits                                (abs)        00091
_PIR1bits                                (abs)        00011
_Pin_Initialize                          text10       00502
_RCREG                                   (abs)        00199
_RCSTAbits                               (abs)        0019D
_Receive_flag                            dataBANK0    00067
_Reception_from_master                   text15       0036C
_Reception_from_master_main              text6        0048E
_RxData0                                 bssBANK0     00043
_SPBRGH                                  (abs)        0019C
_SPBRGL                                  (abs)        0019B
_SeP                                     bssBANK0     00020
_SetData                                 text1        004C7
_StP                                     bssBANK0     00025
_Store_Datas                             text17       00023
_TRISAbits                               (abs)        0008C
_TRISBbits                               (abs)        0008D
_TRISCbits                               (abs)        0008E
_TXSTAbits                               (abs)        0019E
_UART_Initialize                         text9        004F0
_Write_Address                           text5        004AE
_Write_data                              text3        003B3
__CFG_BOREN$OFF                          (abs)        00000
__CFG_BORV$HI                            (abs)        00000
__CFG_CLKOUTEN$OFF                       (abs)        00000
__CFG_CP$OFF                             (abs)        00000
__CFG_CPD$OFF                            (abs)        00000
__CFG_FCMEN$OFF                          (abs)        00000
__CFG_FOSC$INTOSC                        (abs)        00000
__CFG_IESO$OFF                           (abs)        00000
__CFG_LVP$OFF                            (abs)        00000
__CFG_MCLRE$OFF                          (abs)        00000
__CFG_PLLEN$ON                           (abs)        00000
__CFG_PWRTE$OFF                          (abs)        00000
__CFG_STVREN$OFF                         (abs)        00000
__CFG_VCAPEN$OFF                         (abs)        00000
__CFG_WDTE$OFF                           (abs)        00000
__CFG_WRT$OFF                            (abs)        00000
__Habs1                                  abs1         00000
__Hbank0                                 bank0        00000
__Hbank1                                 bank1        00000
__Hbank10                                bank10       00000
__Hbank11                                bank11       00000
__Hbank12                                bank12       00000
__Hbank13                                bank13       00000
__Hbank14                                bank14       00000
__Hbank15                                bank15       00000
__Hbank16                                bank16       00000
__Hbank17                                bank17       00000
__Hbank18                                bank18       00000
__Hbank19                                bank19       00000
__Hbank2                                 bank2        00000
__Hbank20                                bank20       00000
__Hbank21                                bank21       00000
__Hbank22                                bank22       00000
__Hbank23                                bank23       00000
__Hbank24                                bank24       00000
__Hbank25                                bank25       00000
__Hbank26                                bank26       00000
__Hbank27                                bank27       00000
__Hbank28                                bank28       00000
__Hbank29                                bank29       00000
__Hbank3                                 bank3        00000
__Hbank30                                bank30       00000
__Hbank31                                bank31       00000
__Hbank4                                 bank4        00000
__Hbank5                                 bank5        00000
__Hbank6                                 bank6        00000
__Hbank7                                 bank7        00000
__Hbank8                                 bank8        00000
__Hbank9                                 bank9        00000
__Hbigram                                bigram       00000
__HbssBANK0                              bssBANK0     00000
__Hcinit                                 cinit        00023
__Hclrtext                               clrtext      00000
__Hcode                                  code         00000
__Hcommon                                common       00000
__Hconfig                                config       08009
__HcstackBANK0                           cstackBANK0  00000
__HcstackCOMMON                          cstackCOMMON 00000
__HdataBANK0                             dataBANK0    00000
__Heeprom_data                           eeprom_data  00000
__Hend_init                              end_init     00010
__Hfunctab                               functab      00000
__HidataBANK0                            idataBANK0   00000
__Hidloc                                 idloc        00000
__Hinit                                  init         0000E
__Hintentry                              intentry     0000E
__Hmaintext                              maintext     00000
__Hpowerup                               powerup      00000
__Hram                                   ram          00000
__Hreset_vec                             reset_vec    00002
__Hsfr0                                  sfr0         00000
__Hsfr1                                  sfr1         00000
__Hsfr10                                 sfr10        00000
__Hsfr11                                 sfr11        00000
__Hsfr12                                 sfr12        00000
__Hsfr13                                 sfr13        00000
__Hsfr14                                 sfr14        00000
__Hsfr15                                 sfr15        00000
__Hsfr16                                 sfr16        00000
__Hsfr17                                 sfr17        00000
__Hsfr18                                 sfr18        00000
__Hsfr19                                 sfr19        00000
__Hsfr2                                  sfr2         00000
__Hsfr20                                 sfr20        00000
__Hsfr21                                 sfr21        00000
__Hsfr22                                 sfr22        00000
__Hsfr23                                 sfr23        00000
__Hsfr24                                 sfr24        00000
__Hsfr25                                 sfr25        00000
__Hsfr26                                 sfr26        00000
__Hsfr27                                 sfr27        00000
__Hsfr28                                 sfr28        00000
__Hsfr29                                 sfr29        00000
__Hsfr3                                  sfr3         00000
__Hsfr30                                 sfr30        00000
__Hsfr31                                 sfr31        00000
__Hsfr4                                  sfr4         00000
__Hsfr5                                  sfr5         00000
__Hsfr6                                  sfr6         00000
__Hsfr7                                  sfr7         00000
__Hsfr8                                  sfr8         00000
__Hsfr9                                  sfr9         00000
__Hspace_0                               (abs)        08009
__Hspace_1                               (abs)        0007D
__Hspace_2                               (abs)        00000
__Hspace_3                               (abs)        00000
__Hstack                                 stack        00000
__Hstrings                               strings      00000
__Htext                                  text         00000
__Labs1                                  abs1         00000
__Lbank0                                 bank0        00000
__Lbank1                                 bank1        00000
__Lbank10                                bank10       00000
__Lbank11                                bank11       00000
__Lbank12                                bank12       00000
__Lbank13                                bank13       00000
__Lbank14                                bank14       00000
__Lbank15                                bank15       00000
__Lbank16                                bank16       00000
__Lbank17                                bank17       00000
__Lbank18                                bank18       00000
__Lbank19                                bank19       00000
__Lbank2                                 bank2        00000
__Lbank20                                bank20       00000
__Lbank21                                bank21       00000
__Lbank22                                bank22       00000
__Lbank23                                bank23       00000
__Lbank24                                bank24       00000
__Lbank25                                bank25       00000
__Lbank26                                bank26       00000
__Lbank27                                bank27       00000
__Lbank28                                bank28       00000
__Lbank29                                bank29       00000
__Lbank3                                 bank3        00000
__Lbank30                                bank30       00000
__Lbank31                                bank31       00000
__Lbank4                                 bank4        00000
__Lbank5                                 bank5        00000
__Lbank6                                 bank6        00000
__Lbank7                                 bank7        00000
__Lbank8                                 bank8        00000
__Lbank9                                 bank9        00000
__Lbigram                                bigram       00000
__LbssBANK0                              bssBANK0     00000
__Lcinit                                 cinit        00010
__Lclrtext                               clrtext      00000
__Lcode                                  code         00000
__Lcommon                                common       00000
__Lconfig                                config       08007
__LcstackBANK0                           cstackBANK0  00000
__LcstackCOMMON                          cstackCOMMON 00000
__LdataBANK0                             dataBANK0    00000
__Leeprom_data                           eeprom_data  00000
__Lend_init                              end_init     0000E
__Lfunctab                               functab      00000
__LidataBANK0                            idataBANK0   00000
__Lidloc                                 idloc        00000
__Linit                                  init         0000E
__Lintentry                              intentry     00004
__Lmaintext                              maintext     00000
__Lpowerup                               powerup      00000
__Lram                                   ram          00000
__Lreset_vec                             reset_vec    00000
__Lsfr0                                  sfr0         00000
__Lsfr1                                  sfr1         00000
__Lsfr10                                 sfr10        00000
__Lsfr11                                 sfr11        00000
__Lsfr12                                 sfr12        00000
__Lsfr13                                 sfr13        00000
__Lsfr14                                 sfr14        00000
__Lsfr15                                 sfr15        00000
__Lsfr16                                 sfr16        00000
__Lsfr17                                 sfr17        00000
__Lsfr18                                 sfr18        00000
__Lsfr19                                 sfr19        00000
__Lsfr2                                  sfr2         00000
__Lsfr20                                 sfr20        00000
__Lsfr21                                 sfr21        00000
__Lsfr22                                 sfr22        00000
__Lsfr23                                 sfr23        00000
__Lsfr24                                 sfr24        00000
__Lsfr25                                 sfr25        00000
__Lsfr26                                 sfr26        00000
__Lsfr27                                 sfr27        00000
__Lsfr28                                 sfr28        00000
__Lsfr29                                 sfr29        00000
__Lsfr3                                  sfr3         00000
__Lsfr30                                 sfr30        00000
__Lsfr31                                 sfr31        00000
__Lsfr4                                  sfr4         00000
__Lsfr5                                  sfr5         00000
__Lsfr6                                  sfr6         00000
__Lsfr7                                  sfr7         00000
__Lsfr8                                  sfr8         00000
__Lsfr9                                  sfr9         00000
__Lspace_0                               (abs)        00000
__Lspace_1                               (abs)        00000
__Lspace_2                               (abs)        00000
__Lspace_3                               (abs)        00000
__Lstack                                 stack        00000
__Lstrings                               strings      00000
__Ltext                                  text         00000
__S0                                     (abs)        08009
__S1                                     (abs)        0007D
__S2                                     (abs)        00000
__S3                                     (abs)        00000
___bmul                                  text13       00514
___bmul@multiplicand                     cstackBANK0  00055
___bmul@multiplier                       cstackBANK0  00058
___bmul@product                          cstackBANK0  00057
___int_sp                                stack        00000
___latbits                               (abs)        00001
___sp                                    stack        00000
__end_of_ChangeAddress                   text4        0048E
__end_of_ChangeData                      text2        00423
__end_of_EUSART_ERROR_from_master        text18       00535
__end_of_INTERRUPT_HANDLER               intentry     0000E
__end_of_Initialize                      text8        004F0
__end_of_Initialize_Parameters           text12       0036C
__end_of_Organize_Datas                  text7        0030C
__end_of_Oscillator_Initialize           text11       0053F
__end_of_Pin_Initialize                  text10       00514
__end_of_Reception_from_master           text15       003B3
__end_of_Reception_from_master_main      text6        004AE
__end_of_SetData                         text1        004DD
__end_of_Store_Datas                     text17       001AF
__end_of_UART_Initialize                 text9        00502
__end_of_Write_Address                   text5        004C7
__end_of_Write_data                      text3        003F4
__end_of___bmul                          text13       00526
__end_of__initialization                 cinit        0001F
__end_of_main                            maintext     00447
__end_of_slave_address_check             text16       0046B
__initialization                         cinit        00010
__pbssBANK0                              bssBANK0     00020
__pcstackBANK0                           cstackBANK0  0004D
__pcstackCOMMON                          cstackCOMMON 00070
__pdataBANK0                             dataBANK0    00066
__pidataBANK0                            idataBANK0   0053F
__pintentry                              intentry     00004
__pmaintext                              maintext     00423
__ptext1                                 text1        004C7
__ptext10                                text10       00502
__ptext11                                text11       0053B
__ptext12                                text12       0030C
__ptext13                                text13       00514
__ptext15                                text15       0036C
__ptext16                                text16       00447
__ptext17                                text17       00023
__ptext18                                text18       00526
__ptext2                                 text2        003F4
__ptext3                                 text3        003B3
__ptext4                                 text4        0046B
__ptext5                                 text5        004AE
__ptext6                                 text6        0048E
__ptext7                                 text7        001AF
__ptext8                                 text8        004DD
__ptext9                                 text9        004F0
__size_of_ChangeAddress                  (abs)        00000
__size_of_ChangeData                     (abs)        00000
__size_of_EUSART_ERROR_from_master       (abs)        00000
__size_of_INTERRUPT_HANDLER              (abs)        00000
__size_of_Initialize                     (abs)        00000
__size_of_Initialize_Parameters          (abs)        00000
__size_of_Organize_Datas                 (abs)        00000
__size_of_Oscillator_Initialize          (abs)        00000
__size_of_Pin_Initialize                 (abs)        00000
__size_of_Reception_from_master          (abs)        00000
__size_of_Reception_from_master_main     (abs)        00000
__size_of_SetData                        (abs)        00000
__size_of_Store_Datas                    (abs)        00000
__size_of_UART_Initialize                (abs)        00000
__size_of_Write_Address                  (abs)        00000
__size_of_Write_data                     (abs)        00000
__size_of___bmul                         (abs)        00000
__size_of_main                           (abs)        00000
__size_of_slave_address_check            (abs)        00000
_address                                 bssBANK0     00031
_address_status                          bssBANK0     00035
_main                                    maintext     00423
_not_of_before_data                      bssBANK0     00033
_slave_address_check                     text16       00447
_slave_different_flag                    dataBANK0    00066
_zero                                    bssBANK0     0002F
btemp                                    (abs)        0007E
clear_ram0                               clrtext      00535
end_of_initialization                    cinit        0001F
int$flags                                (abs)        0007E
intlevel0                                functab      00000
intlevel1                                functab      00000
intlevel2                                functab      00000
intlevel3                                functab      00000
intlevel4                                functab      00000
intlevel5                                functab      00000
reset_vec                                reset_vec    00000
slave_address_check@data_count           cstackCOMMON 00075
slave_address_check@sample_data          cstackCOMMON 00076
slave_address_check@slave_address        cstackCOMMON 00070
slave_address_check@slave_flag           cstackCOMMON 00071
stackhi                                  (abs)        020EF
stacklo                                  (abs)        02048
start                                    init         0000E
start_initialization                     cinit        00010
wtemp0                                   (abs)        0007E


FUNCTION INFORMATION:

 *************** function _main *****************
 Defined at:
		line 111 in file "main.c"
 Parameters:    Size  Location     Type
  argc            2   20[BANK0 ] int 
  argv            2   22[BANK0 ] PTR PTR unsigned char 
 Auto vars:     Size  Location     Type
		None
 Return value:  Size  Location     Type
                  2   20[BANK0 ] int 
 Registers used:
		wreg, fsr1l, fsr1h, status,2, status,0, pclath, cstack
 Tracked objects:
		On entry : 
		On exit  : 
		Unchanged: 
 Data sizes:     COMMON   BANK0   BANK1   BANK2
      Params:         0       4       0       0
      Locals:         0       0       0       0
      Temps:          0       1       0       0
      Totals:         0       5       0       0
Total ram usage:        5 bytes
 Hardware stack levels required when called:    7
 This function calls:
		_Initialize
		_Organize_Datas
		_Reception_from_master_main
		_SetData
 This function is called by:
		Startup code after reset
 This function uses a non-reentrant model


 *************** function _SetData *****************
 Defined at:
		line 131 in file "main.c"
 Parameters:    Size  Location     Type
		None
 Auto vars:     Size  Location     Type
		None
 Return value:  Size  Location     Type
                  1    wreg      void 
 Registers used:
		wreg, status,2, status,0, pclath, cstack
 Tracked objects:
		On entry : 
		On exit  : 
		Unchanged: 
 Data sizes:     COMMON   BANK0   BANK1   BANK2
      Params:         0       0       0       0
      Locals:         0       0       0       0
      Temps:          0       1       0       0
      Totals:         0       1       0       0
Total ram usage:        1 bytes
 Hardware stack levels used:    1
 Hardware stack levels required when called:    6
 This function calls:
		_ChangeAddress
		_ChangeData
 This function is called by:
		_main
 This function uses a non-reentrant model


 *************** function _ChangeData *****************
 Defined at:
		line 178 in file "main.c"
 Parameters:    Size  Location     Type
		None
 Auto vars:     Size  Location     Type
		None
 Return value:  Size  Location     Type
                  1    wreg      void 
 Registers used:
		wreg, status,2, status,0, pclath, cstack
 Tracked objects:
		On entry : 
		On exit  : 
		Unchanged: 
 Data sizes:     COMMON   BANK0   BANK1   BANK2
      Params:         0       0       0       0
      Locals:         0       0       0       0
      Temps:          0       0       0       0
      Totals:         0       0       0       0
Total ram usage:        0 bytes
 Hardware stack levels used:    1
 Hardware stack levels required when called:    5
 This function calls:
		_Write_data
 This function is called by:
		_SetData
 This function uses a non-reentrant model


 *************** function _Write_data *****************
 Defined at:
		line 193 in file "main.c"
 Parameters:    Size  Location     Type
  servo_data      2    8[BANK0 ] struct .
 Auto vars:     Size  Location     Type
		None
 Return value:  Size  Location     Type
                  1    wreg      void 
 Registers used:
		None
 Tracked objects:
		On entry : 
		On exit  : 
		Unchanged: 
 Data sizes:     COMMON   BANK0   BANK1   BANK2
      Params:         0       2       0       0
      Locals:         0       0       0       0
      Temps:          0       0       0       0
      Totals:         0       2       0       0
Total ram usage:        2 bytes
 Hardware stack levels used:    1
 Hardware stack levels required when called:    4
 This function calls:
		Nothing
 This function is called by:
		_ChangeData
 This function uses a non-reentrant model


 *************** function _ChangeAddress *****************
 Defined at:
		line 138 in file "main.c"
 Parameters:    Size  Location     Type
		None
 Auto vars:     Size  Location     Type
  None            2   11[BANK0 ] struct .
 Return value:  Size  Location     Type
                  1    wreg      void 
 Registers used:
		wreg, status,2, status,0, pclath, cstack
 Tracked objects:
		On entry : 
		On exit  : 
		Unchanged: 
 Data sizes:     COMMON   BANK0   BANK1   BANK2
      Params:         0       0       0       0
      Locals:         0       2       0       0
      Temps:          0       1       0       0
      Totals:         0       3       0       0
Total ram usage:        3 bytes
 Hardware stack levels used:    1
 Hardware stack levels required when called:    5
 This function calls:
		_Write_Address
 This function is called by:
		_SetData
 This function uses a non-reentrant model


 *************** function _Write_Address *****************
 Defined at:
		line 172 in file "main.c"
 Parameters:    Size  Location     Type
  address         2    8[BANK0 ] struct .
 Auto vars:     Size  Location     Type
		None
 Return value:  Size  Location     Type
                  1    wreg      void 
 Registers used:
		None
 Tracked objects:
		On entry : 
		On exit  : 
		Unchanged: 
 Data sizes:     COMMON   BANK0   BANK1   BANK2
      Params:         0       2       0       0
      Locals:         0       0       0       0
      Temps:          0       0       0       0
      Totals:         0       2       0       0
Total ram usage:        2 bytes
 Hardware stack levels used:    1
 Hardware stack levels required when called:    4
 This function calls:
		Nothing
 This function is called by:
		_ChangeAddress
 This function uses a non-reentrant model


 *************** function _Reception_from_master_main *****************
 Defined at:
		line 90 in file "communication.c"
 Parameters:    Size  Location     Type
		None
 Auto vars:     Size  Location     Type
		None
 Return value:  Size  Location     Type
                  1    wreg      void 
 Registers used:
		wreg, fsr1l, fsr1h, status,2, status,0, pclath, cstack
 Tracked objects:
		On entry : 
		On exit  : 
		Unchanged: 
 Data sizes:     COMMON   BANK0   BANK1   BANK2
      Params:         0       0       0       0
      Locals:         0       0       0       0
      Temps:          0       1       0       0
      Totals:         0       1       0       0
Total ram usage:        1 bytes
 Hardware stack levels used:    1
 Hardware stack levels required when called:    5
 This function calls:
		_Organize_Datas
 This function is called by:
		_main
 This function uses a non-reentrant model


 *************** function _Organize_Datas *****************
 Defined at:
		line 20 in file "Controller_Protocol.c"
 Parameters:    Size  Location     Type
  RxData          1    wreg     PTR struct .
		 -> RxData0(10), 
  Buffer          1    8[BANK0 ] PTR struct .
		 -> Buffer0(13), 
  number_of_da    2    9[BANK0 ] int 
  bus_number      2   11[BANK0 ] int 
 Auto vars:     Size  Location     Type
  RxData          1   18[BANK0 ] PTR struct .
		 -> RxData0(10), 
 Return value:  Size  Location     Type
                  1    wreg      void 
 Registers used:
		wreg, fsr1l, fsr1h, status,2, status,0
 Tracked objects:
		On entry : 
		On exit  : 
		Unchanged: 
 Data sizes:     COMMON   BANK0   BANK1   BANK2
      Params:         0       5       0       0
      Locals:         0       1       0       0
      Temps:          0       5       0       0
      Totals:         0      11       0       0
Total ram usage:       11 bytes
 Hardware stack levels used:    1
 Hardware stack levels required when called:    4
 This function calls:
		Nothing
 This function is called by:
		_main
		_Reception_from_master_main
 This function uses a non-reentrant model


 *************** function _Initialize *****************
 Defined at:
		line 212 in file "main.c"
 Parameters:    Size  Location     Type
		None
 Auto vars:     Size  Location     Type
		None
 Return value:  Size  Location     Type
                  1    wreg      void 
 Registers used:
		wreg, fsr1l, fsr1h, status,2, status,0, pclath, cstack
 Tracked objects:
		On entry : 
		On exit  : 
		Unchanged: 
 Data sizes:     COMMON   BANK0   BANK1   BANK2
      Params:         0       0       0       0
      Locals:         0       0       0       0
      Temps:          0       1       0       0
      Totals:         0       1       0       0
Total ram usage:        1 bytes
 Hardware stack levels used:    1
 Hardware stack levels required when called:    6
 This function calls:
		_Initialize_Parameters
		_Oscillator_Initialize
		_Pin_Initialize
		_UART_Initialize
 This function is called by:
		_main
 This function uses a non-reentrant model


 *************** function _UART_Initialize *****************
 Defined at:
		line 247 in file "main.c"
 Parameters:    Size  Location     Type
		None
 Auto vars:     Size  Location     Type
		None
 Return value:  Size  Location     Type
                  1    wreg      void 
 Registers used:
		wreg, status,2
 Tracked objects:
		On entry : 
		On exit  : 
		Unchanged: 
 Data sizes:     COMMON   BANK0   BANK1   BANK2
      Params:         0       0       0       0
      Locals:         0       0       0       0
      Temps:          0       0       0       0
      Totals:         0       0       0       0
Total ram usage:        0 bytes
 Hardware stack levels used:    1
 Hardware stack levels required when called:    4
 This function calls:
		Nothing
 This function is called by:
		_Initialize
 This function uses a non-reentrant model


 *************** function _Pin_Initialize *****************
 Defined at:
		line 225 in file "main.c"
 Parameters:    Size  Location     Type
		None
 Auto vars:     Size  Location     Type
		None
 Return value:  Size  Location     Type
                  1    wreg      void 
 Registers used:
		status,2
 Tracked objects:
		On entry : 
		On exit  : 
		Unchanged: 
 Data sizes:     COMMON   BANK0   BANK1   BANK2
      Params:         0       0       0       0
      Locals:         0       0       0       0
      Temps:          0       0       0       0
      Totals:         0       0       0       0
Total ram usage:        0 bytes
 Hardware stack levels used:    1
 Hardware stack levels required when called:    4
 This function calls:
		Nothing
 This function is called by:
		_Initialize
 This function uses a non-reentrant model


 *************** function _Oscillator_Initialize *****************
 Defined at:
		line 221 in file "main.c"
 Parameters:    Size  Location     Type
		None
 Auto vars:     Size  Location     Type
		None
 Return value:  Size  Location     Type
                  1    wreg      void 
 Registers used:
		wreg
 Tracked objects:
		On entry : 
		On exit  : 
		Unchanged: 
 Data sizes:     COMMON   BANK0   BANK1   BANK2
      Params:         0       0       0       0
      Locals:         0       0       0       0
      Temps:          0       0       0       0
      Totals:         0       0       0       0
Total ram usage:        0 bytes
 Hardware stack levels used:    1
 Hardware stack levels required when called:    4
 This function calls:
		Nothing
 This function is called by:
		_Initialize
 This function uses a non-reentrant model


 *************** function _Initialize_Parameters *****************
 Defined at:
		line 116 in file "Controller_Protocol.c"
 Parameters:    Size  Location     Type
		None
 Auto vars:     Size  Location     Type
		None
 Return value:  Size  Location     Type
                  1    wreg      void 
 Registers used:
		wreg, fsr1l, fsr1h, status,2, status,0, pclath, cstack
 Tracked objects:
		On entry : 
		On exit  : 
		Unchanged: 
 Data sizes:     COMMON   BANK0   BANK1   BANK2
      Params:         0       0       0       0
      Locals:         0       0       0       0
      Temps:          0       1       0       0
      Totals:         0       1       0       0
Total ram usage:        1 bytes
 Hardware stack levels used:    1
 Hardware stack levels required when called:    5
 This function calls:
		___bmul
 This function is called by:
		_Initialize
 This function uses a non-reentrant model


 *************** function ___bmul *****************
 Defined at:
		line 4 in file "C:\Program Files (x86)\Microchip\xc8\v2.00\pic\sources\c90\common\Umul8.c"
 Parameters:    Size  Location     Type
  multiplier      1    wreg     unsigned char 
  multiplicand    1    8[BANK0 ] unsigned char 
 Auto vars:     Size  Location     Type
  multiplier      1   11[BANK0 ] unsigned char 
  product         1   10[BANK0 ] unsigned char 
 Return value:  Size  Location     Type
                  1    wreg      unsigned char 
 Registers used:
		wreg, status,2, status,0
 Tracked objects:
		On entry : 
		On exit  : 
		Unchanged: 
 Data sizes:     COMMON   BANK0   BANK1   BANK2
      Params:         0       1       0       0
      Locals:         0       2       0       0
      Temps:          0       1       0       0
      Totals:         0       4       0       0
Total ram usage:        4 bytes
 Hardware stack levels used:    1
 Hardware stack levels required when called:    4
 This function calls:
		Nothing
 This function is called by:
		_Initialize_Parameters
		_Send_Till_EndSignal
 This function uses a non-reentrant model


 *************** function _INTERRUPT_HANDLER *****************
 Defined at:
		line 206 in file "main.c"
 Parameters:    Size  Location     Type
		None
 Auto vars:     Size  Location     Type
		None
 Return value:  Size  Location     Type
                  1    wreg      void 
 Registers used:
		wreg, fsr1l, fsr1h, status,2, status,0, pclath, cstack
 Tracked objects:
		On entry : 
		On exit  : 
		Unchanged: 
 Data sizes:     COMMON   BANK0   BANK1   BANK2
      Params:         0       0       0       0
      Locals:         0       0       0       0
      Temps:          0       0       0       0
      Totals:         0       0       0       0
Total ram usage:        0 bytes
 Hardware stack levels used:    1
 Hardware stack levels required when called:    3
 This function calls:
		_Reception_from_master
 This function is called by:
		Interrupt level 1
 This function uses a non-reentrant model


 *************** function _Reception_from_master *****************
 Defined at:
		line 36 in file "communication.c"
 Parameters:    Size  Location     Type
  slave_addres    1    wreg     unsigned char 
 Auto vars:     Size  Location     Type
  slave_addres    1    6[BANK0 ] unsigned char 
  error_comple    1    7[BANK0 ] unsigned char 
 Return value:  Size  Location     Type
                  1    wreg      void 
 Registers used:
		wreg, fsr1l, fsr1h, status,2, status,0, pclath, cstack
 Tracked objects:
		On entry : 
		On exit  : 
		Unchanged: 
 Data sizes:     COMMON   BANK0   BANK1   BANK2
      Params:         0       0       0       0
      Locals:         0       2       0       0
      Temps:          3       0       0       0
      Totals:         3       2       0       0
Total ram usage:        5 bytes
 Hardware stack levels used:    1
 Hardware stack levels required when called:    2
 This function calls:
		_Store_Datas
		_slave_address_check
 This function is called by:
		_INTERRUPT_HANDLER
 This function uses a non-reentrant model


 *************** function _slave_address_check *****************
 Defined at:
		line 74 in file "communication.c"
 Parameters:    Size  Location     Type
  data_count      1    wreg     unsigned char 
  slave_addres    1    0[COMMON] unsigned char 
  slave_flag      1    1[COMMON] unsigned char 
 Auto vars:     Size  Location     Type
  data_count      1    5[COMMON] unsigned char 
  sample_data     1    6[COMMON] unsigned char 
 Return value:  Size  Location     Type
                  1    wreg      unsigned char 
 Registers used:
		wreg, status,2, status,0
 Tracked objects:
		On entry : 
		On exit  : 
		Unchanged: 
 Data sizes:     COMMON   BANK0   BANK1   BANK2
      Params:         2       0       0       0
      Locals:         2       0       0       0
      Temps:          3       0       0       0
      Totals:         7       0       0       0
Total ram usage:        7 bytes
 Hardware stack levels used:    1
 This function calls:
		Nothing
 This function is called by:
		_Reception_from_master
 This function uses a non-reentrant model


 *************** function _Store_Datas *****************
 Defined at:
		line 34 in file "Controller_Protocol.c"
 Parameters:    Size  Location     Type
  Buffer          1    wreg     PTR struct .
		 -> Buffer0(13), 
  received_dat    1    2[COMMON] unsigned char 
  number_of_re    2    3[COMMON] int 
  bus_number      2    5[COMMON] int 
  EUSART_ERROR    2    7[COMMON] PTR FTN()unsigned char 
		 -> EUSART_ERROR_from_master(1), 
 Auto vars:     Size  Location     Type
  Buffer          1    9[COMMON] PTR struct .
		 -> Buffer0(13), 
 Return value:  Size  Location     Type
                  1    wreg      unsigned char 
 Registers used:
		wreg, fsr1l, fsr1h, status,2, status,0, pclath, cstack
 Tracked objects:
		On entry : 
		On exit  : 
		Unchanged: 
 Data sizes:     COMMON   BANK0   BANK1   BANK2
      Params:         7       0       0       0
      Locals:         1       0       0       0
      Temps:          0       6       0       0
      Totals:         8       6       0       0
Total ram usage:       14 bytes
 Hardware stack levels used:    1
 Hardware stack levels required when called:    1
 This function calls:
		_EUSART_ERROR_from_master
 This function is called by:
		_Reception_from_master
 This function uses a non-reentrant model


 *************** function _EUSART_ERROR_from_master *****************
 Defined at:
		line 24 in file "communication.c"
 Parameters:    Size  Location     Type
		None
 Auto vars:     Size  Location     Type
  waste_data      1    1[COMMON] unsigned char 
 Return value:  Size  Location     Type
                  1    wreg      unsigned char 
 Registers used:
		wreg
 Tracked objects:
		On entry : 
		On exit  : 
		Unchanged: 
 Data sizes:     COMMON   BANK0   BANK1   BANK2
      Params:         0       0       0       0
      Locals:         1       0       0       0
      Temps:          1       0       0       0
      Totals:         2       0       0       0
Total ram usage:        2 bytes
 Hardware stack levels used:    1
 This function calls:
		Nothing
 This function is called by:
		_Reception_from_master
		_Store_Datas
 This function uses a non-reentrant model



MODULE INFORMATION

Module		Function		Class		Link	Load	Size
C:\Program Files (x86)\Microchip\xc8\v2.00\pic\sources\c90\common\Umul8.c
		___bmul        		CODE           	0514	0000	19

C:\Program Files (x86)\Microchip\xc8\v2.00\pic\sources\c90\common\Umul8.c estimated size: 19

shared
		__initialization		CODE           	0010	0000	16

shared estimated size: 16

Controller_Protocol.c
		_Initialize_Parameters		CODE           	030C	0000	97
		_Organize_Datas		CODE           	01AF	0000	350
		_Store_Datas   		CODE           	0023	0000	397

Controller_Protocol.c estimated size: 844

main.c
		_Pin_Initialize		CODE           	0502	0000	19
		_Oscillator_Initialize		CODE           	053B	0000	5
		_SetData       		CODE           	04C7	0000	23
		_main          		CODE           	0423	0000	37
		_Initialize    		CODE           	04DD	0000	20
		_INTERRUPT_HANDLER		CODE           	0004	0000	11
		_Write_data    		CODE           	03B3	0000	66
		_UART_Initialize		CODE           	04F0	0000	19
		_Write_Address 		CODE           	04AE	0000	26
		_ChangeData    		CODE           	03F4	0000	48
		_ChangeAddress 		CODE           	046B	0000	36

main.c estimated size: 310

communication.c
		_Reception_from_master_main		CODE           	048E	0000	33
		_Reception_from_master		CODE           	036C	0000	72
		_slave_address_check		CODE           	0447	0000	37
		_EUSART_ERROR_from_master		CODE           	0526	0000	16

communication.c estimated size: 158

